Archive member included to satisfy reference by file (symbol)

D:\temp\mcuxpresso\LPC54608J512_hdc2010\libs\libpower_hardabi.a(fsl_power_lib.o)
                              ./drivers/fsl_clock.o (POWER_SetVoltageForFreq)
d:/nxp/mcuxpressoide_11.0.0_2516/ide/plugins/com.nxp.mcuxpresso.tools.win32_11.0.0.201905131304/tools/bin/../lib/gcc/arm-none-eabi/8.2.1/../../../../arm-none-eabi/lib/thumb/v7e-m+fp/hard\libcr_nohost_nf.a(_cr__main.o)
                              ./startup/startup_lpc54608.o (__main)
d:/nxp/mcuxpressoide_11.0.0_2516/ide/plugins/com.nxp.mcuxpresso.tools.win32_11.0.0.201905131304/tools/bin/../lib/gcc/arm-none-eabi/8.2.1/../../../../arm-none-eabi/lib/thumb/v7e-m+fp/hard\libcr_nohost_nf.a(_cr_assert.o)
                              ./utilities/fsl_debug_console.o (__assertion_failed)
d:/nxp/mcuxpressoide_11.0.0_2516/ide/plugins/com.nxp.mcuxpresso.tools.win32_11.0.0.201905131304/tools/bin/../lib/gcc/arm-none-eabi/8.2.1/../../../../arm-none-eabi/lib/thumb/v7e-m+fp/hard\libcr_nohost_nf.a(__ciob.o)
                              d:/nxp/mcuxpressoide_11.0.0_2516/ide/plugins/com.nxp.mcuxpresso.tools.win32_11.0.0.201905131304/tools/bin/../lib/gcc/arm-none-eabi/8.2.1/../../../../arm-none-eabi/lib/thumb/v7e-m+fp/hard\libcr_nohost_nf.a(_cr_assert.o) (__Ciob)
d:/nxp/mcuxpressoide_11.0.0_2516/ide/plugins/com.nxp.mcuxpresso.tools.win32_11.0.0.201905131304/tools/bin/../lib/gcc/arm-none-eabi/8.2.1/../../../../arm-none-eabi/lib/thumb/v7e-m+fp/hard\libcr_nohost_nf.a(__sys_appexit.o)
                              d:/nxp/mcuxpressoide_11.0.0_2516/ide/plugins/com.nxp.mcuxpresso.tools.win32_11.0.0.201905131304/tools/bin/../lib/gcc/arm-none-eabi/8.2.1/../../../../arm-none-eabi/lib/thumb/v7e-m+fp/hard\libcr_nohost_nf.a(_cr_assert.o) (__sys_appexit)
d:/nxp/mcuxpressoide_11.0.0_2516/ide/plugins/com.nxp.mcuxpresso.tools.win32_11.0.0.201905131304/tools/bin/../lib/gcc/arm-none-eabi/8.2.1/../../../../arm-none-eabi/lib/thumb/v7e-m+fp/hard\libcr_c.a(memcpy.o)
                              ./amazon-freertos/freertos/queue.o (memcpy)
d:/nxp/mcuxpressoide_11.0.0_2516/ide/plugins/com.nxp.mcuxpresso.tools.win32_11.0.0.201905131304/tools/bin/../lib/gcc/arm-none-eabi/8.2.1/../../../../arm-none-eabi/lib/thumb/v7e-m+fp/hard\libcr_c.a(memset.o)
                              ./utilities/fsl_debug_console.o (memset)
d:/nxp/mcuxpressoide_11.0.0_2516/ide/plugins/com.nxp.mcuxpresso.tools.win32_11.0.0.201905131304/tools/bin/../lib/gcc/arm-none-eabi/8.2.1/../../../../arm-none-eabi/lib/thumb/v7e-m+fp/hard\libcr_c.a(_deferredlazyseek.o)
                              d:/nxp/mcuxpressoide_11.0.0_2516/ide/plugins/com.nxp.mcuxpresso.tools.win32_11.0.0.201905131304/tools/bin/../lib/gcc/arm-none-eabi/8.2.1/../../../../arm-none-eabi/lib/thumb/v7e-m+fp/hard\libcr_nohost_nf.a(_cr_assert.o) (__flsbuf)
d:/nxp/mcuxpressoide_11.0.0_2516/ide/plugins/com.nxp.mcuxpresso.tools.win32_11.0.0.201905131304/tools/bin/../lib/gcc/arm-none-eabi/8.2.1/../../../../arm-none-eabi/lib/thumb/v7e-m+fp/hard\libcr_c.a(_fflush.o)
                              d:/nxp/mcuxpressoide_11.0.0_2516/ide/plugins/com.nxp.mcuxpresso.tools.win32_11.0.0.201905131304/tools/bin/../lib/gcc/arm-none-eabi/8.2.1/../../../../arm-none-eabi/lib/thumb/v7e-m+fp/hard\libcr_c.a(_deferredlazyseek.o) (_fflush)
d:/nxp/mcuxpressoide_11.0.0_2516/ide/plugins/com.nxp.mcuxpresso.tools.win32_11.0.0.201905131304/tools/bin/../lib/gcc/arm-none-eabi/8.2.1/../../../../arm-none-eabi/lib/thumb/v7e-m+fp/hard\libcr_c.a(_writebuf.o)
                              d:/nxp/mcuxpressoide_11.0.0_2516/ide/plugins/com.nxp.mcuxpresso.tools.win32_11.0.0.201905131304/tools/bin/../lib/gcc/arm-none-eabi/8.2.1/../../../../arm-none-eabi/lib/thumb/v7e-m+fp/hard\libcr_c.a(_deferredlazyseek.o) (_Cwritebuf)
d:/nxp/mcuxpressoide_11.0.0_2516/ide/plugins/com.nxp.mcuxpresso.tools.win32_11.0.0.201905131304/tools/bin/../lib/gcc/arm-none-eabi/8.2.1/../../../../arm-none-eabi/lib/thumb/v7e-m+fp/hard\libcr_c.a(alloc.o)
                              ./drivers/fsl_common.o (malloc)
d:/nxp/mcuxpressoide_11.0.0_2516/ide/plugins/com.nxp.mcuxpresso.tools.win32_11.0.0.201905131304/tools/bin/../lib/gcc/arm-none-eabi/8.2.1/../../../../arm-none-eabi/lib/thumb/v7e-m+fp/hard\libcr_c.a(fputs.o)
                              d:/nxp/mcuxpressoide_11.0.0_2516/ide/plugins/com.nxp.mcuxpresso.tools.win32_11.0.0.201905131304/tools/bin/../lib/gcc/arm-none-eabi/8.2.1/../../../../arm-none-eabi/lib/thumb/v7e-m+fp/hard\libcr_nohost_nf.a(_cr_assert.o) (fputs)
d:/nxp/mcuxpressoide_11.0.0_2516/ide/plugins/com.nxp.mcuxpresso.tools.win32_11.0.0.201905131304/tools/bin/../lib/gcc/arm-none-eabi/8.2.1/../../../../arm-none-eabi/lib/thumb/v7e-m+fp/hard\libcr_c.a(fseek.o)
                              d:/nxp/mcuxpressoide_11.0.0_2516/ide/plugins/com.nxp.mcuxpresso.tools.win32_11.0.0.201905131304/tools/bin/../lib/gcc/arm-none-eabi/8.2.1/../../../../arm-none-eabi/lib/thumb/v7e-m+fp/hard\libcr_c.a(_deferredlazyseek.o) (fseek)
[...]
Memory Configuration

Name             Origin             Length             Attributes
PROGRAM_FLASH    0x00000000         0x00080000         xr
SRAM_UPPER       0x20000000         0x00028000         xrw
SRAMX            0x04000000         0x00008000         xrw
USB_RAM          0x40100000         0x00002000         xrw
*default*        0x00000000         0xffffffff

Linker script and memory map

LOAD ./utilities/fsl_debug_console.o
LOAD ./utilities/fsl_str.o
LOAD ./startup/startup_lpc54608.o
LOAD ./source/LPC54608J512_hdc2010.o
LOAD ./source/hdc2010.o
LOAD ./source/hdc2010_test.o
LOAD ./source/semihost_hardfault.o
LOAD ./drivers/freertos/fsl_i2c_freertos.o
LOAD ./drivers/fsl_clock.o
LOAD ./drivers/fsl_common.o
LOAD ./drivers/fsl_emc.o
LOAD ./drivers/fsl_flexcomm.o
LOAD ./drivers/fsl_gpio.o
LOAD ./drivers/fsl_i2c.o
LOAD ./drivers/fsl_inputmux.o
LOAD ./drivers/fsl_pint.o
LOAD ./drivers/fsl_power.o
LOAD ./drivers/fsl_reset.o
LOAD ./drivers/fsl_spi.o
LOAD ./drivers/fsl_usart.o
LOAD ./device/system_LPC54608.o
LOAD ./component/uart/usart_adapter.o
LOAD ./component/serial_manager/serial_manager.o
LOAD ./component/serial_manager/serial_port_uart.o
LOAD ./component/lists/generic_list.o
LOAD ./board/boards/board.o
LOAD ./board/boards/clock_config.o
LOAD ./board/boards/peripherals.o
LOAD ./board/boards/pin_mux.o
LOAD ./amazon-freertos/freertos/portable/heap_4.o
LOAD ./amazon-freertos/freertos/portable/port.o
LOAD ./amazon-freertos/freertos/event_groups.o
LOAD ./amazon-freertos/freertos/list.o
LOAD ./amazon-freertos/freertos/queue.o
LOAD ./amazon-freertos/freertos/stream_buffer.o
LOAD ./amazon-freertos/freertos/tasks.o
LOAD ./amazon-freertos/freertos/timers.o
LOAD D:\temp\mcuxpresso\LPC54608J512_hdc2010\libs\libpower_hardabi.a
START GROUP
LOAD d:/nxp/mcuxpressoide_11.0.0_2516/ide/plugins/com.nxp.mcuxpresso.tools.win32_11.0.0.201905131304/tools/bin/../lib/gcc/arm-none-eabi/8.2.1/../../../../arm-none-eabi/lib/thumb/v7e-m+fp/hard\libcr_nohost_nf.a
LOAD d:/nxp/mcuxpressoide_11.0.0_2516/ide/plugins/com.nxp.mcuxpresso.tools.win32_11.0.0.201905131304/tools/bin/../lib/gcc/arm-none-eabi/8.2.1/../../../../arm-none-eabi/lib/thumb/v7e-m+fp/hard\libcr_c.a
LOAD d:/nxp/mcuxpressoide_11.0.0_2516/ide/plugins/com.nxp.mcuxpresso.tools.win32_11.0.0.201905131304/tools/bin/../lib/gcc/arm-none-eabi/8.2.1/thumb/v7e-m+fp/hard\libcr_eabihelpers.a
LOAD d:/nxp/mcuxpressoide_11.0.0_2516/ide/plugins/com.nxp.mcuxpresso.tools.win32_11.0.0.201905131304/tools/bin/../lib/gcc/arm-none-eabi/8.2.1/thumb/v7e-m+fp/hard\libgcc.a
END GROUP
                0x00000000                __base_PROGRAM_FLASH = 0x0
                0x00000000                __base_Flash = 0x0
                0x00080000                __top_PROGRAM_FLASH = 0x80000
                0x00080000                __top_Flash = 0x80000
                0x20000000                __base_SRAM_UPPER = 0x20000000
                0x20000000                __base_RAM = 0x20000000
                0x20028000                __top_SRAM_UPPER = 0x20028000
                0x20028000                __top_RAM = 0x20028000
                0x04000000                __base_SRAMX = 0x4000000
                0x04000000                __base_RAM2 = 0x4000000
                0x04008000                __top_SRAMX = 0x4008000
                0x04008000                __top_RAM2 = 0x4008000
                0x40100000                __base_USB_RAM = 0x40100000
                0x40100000                __base_RAM3 = 0x40100000
                0x40102000                __top_USB_RAM = 0x40102000
                0x40102000                __top_RAM3 = 0x40102000

.text           0x00000000     0xb7c4
 FILL mask 0xff
                0x00000000                __vectors_start__ = ABSOLUTE (.)
 *(SORT_BY_ALIGNMENT(.isr_vector))
 .isr_vector    0x00000000      0x124 ./startup/startup_lpc54608.o
                0x00000000                g_pfnVectors
                0x00000000                __Vectors
                0x00000124                . = ALIGN (0x4)
                0x00000124                __section_table_start = .
                0x00000124                __data_section_table = .
                0x00000124        0x4 LONG 0xb7c4 LOADADDR (.data)
                0x00000128        0x4 LONG 0x20000000 ADDR (.data)
                0x0000012c        0x4 LONG 0x8 SIZEOF (.data)
                0x00000130        0x4 LONG 0xb7c4 LOADADDR (.data_RAM2)
                0x00000134        0x4 LONG 0x4000000 ADDR (.data_RAM2)
                0x00000138        0x4 LONG 0x0 SIZEOF (.data_RAM2)
                0x0000013c        0x4 LONG 0xb7c4 LOADADDR (.data_RAM3)
                0x00000140        0x4 LONG 0x40100000 ADDR (.data_RAM3)
                0x00000144        0x4 LONG 0x0 SIZEOF (.data_RAM3)
                0x00000148                __data_section_table_end = .
                0x00000148                __bss_section_table = .
                0x00000148        0x4 LONG 0x20000008 ADDR (.bss)
                0x0000014c        0x4 LONG 0x2b0c SIZEOF (.bss)
                0x00000150        0x4 LONG 0x4000000 ADDR (.bss_RAM2)
                0x00000154        0x4 LONG 0x0 SIZEOF (.bss_RAM2)
                0x00000158        0x4 LONG 0x40100000 ADDR (.bss_RAM3)
                0x0000015c        0x4 LONG 0x0 SIZEOF (.bss_RAM3)
                0x00000160                __bss_section_table_end = .
                0x00000160                __section_table_end = .
 *(SORT_BY_ALIGNMENT(.after_vectors*))
 .after_vectors.reset
                0x00000160       0xa8 ./startup/startup_lpc54608.o
                0x00000160                ResetISR
 .after_vectors.init_data
                0x00000208       0x44 ./startup/startup_lpc54608.o
                0x00000208                data_init
 .after_vectors.init_bss
                0x0000024c       0x38 ./startup/startup_lpc54608.o
                0x0000024c                bss_init
 .after_vectors
                0x00000284       0x3c ./startup/startup_lpc54608.o
                0x00000284                NMI_Handler
                0x00000290                MemManage_Handler
                0x00000296                BusFault_Handler
                0x0000029c                UsageFault_Handler
                0x000002a8                DebugMon_Handler
                0x000002ba                CAN0_IRQ0_DriverIRQHandler
                0x000002ba                ETHERNET_DriverIRQHandler
                0x000002ba                CTIMER2_DriverIRQHandler
                0x000002ba                SPIFI0_DriverIRQHandler
                0x000002ba                RIT_DriverIRQHandler
                0x000002ba                IntDefaultHandler
                0x000002ba                USB0_DriverIRQHandler
                0x000002ba                MRT0_DriverIRQHandler
                0x000002ba                UTICK0_DriverIRQHandler
                0x000002ba                DMIC0_DriverIRQHandler
                0x000002ba                CAN1_IRQ0_DriverIRQHandler
                0x000002ba                Reserved47_DriverIRQHandler
                0x000002ba                ADC0_THCMP_DriverIRQHandler
                0x000002ba                CTIMER4_DriverIRQHandler
                0x000002ba                GINT1_DriverIRQHandler
                0x000002ba                CAN0_IRQ1_DriverIRQHandler
                0x000002ba                EEPROM_DriverIRQHandler
                0x000002ba                ADC0_SEQB_DriverIRQHandler
                0x000002ba                CTIMER0_DriverIRQHandler
                0x000002ba                CTIMER1_DriverIRQHandler
                0x000002ba                ETHERNET_MACLP_DriverIRQHandler
                0x000002ba                CTIMER3_DriverIRQHandler
                0x000002ba                HWVAD0_DriverIRQHandler
                0x000002ba                RTC_DriverIRQHandler
                0x000002ba                LCD_DriverIRQHandler
                0x000002ba                DMA0_DriverIRQHandler
                0x000002ba                ETHERNET_PMT_DriverIRQHandler
                0x000002ba                USB1_DriverIRQHandler
                0x000002ba                CAN1_IRQ1_DriverIRQHandler
                0x000002ba                ADC0_SEQA_DriverIRQHandler
                0x000002ba                USB1_NEEDCLK_DriverIRQHandler
                0x000002ba                SMARTCARD0_DriverIRQHandler
                0x000002ba                SDIO_DriverIRQHandler
                0x000002ba                SHA_DriverIRQHandler
                0x000002ba                GINT0_DriverIRQHandler
                0x000002ba                SMARTCARD1_DriverIRQHandler
                0x000002ba                USB0_NEEDCLK_DriverIRQHandler
                0x000002ba                Reserved46_DriverIRQHandler
                0x000002ba                WDT_BOD_DriverIRQHandler
                0x000002ba                SCT0_DriverIRQHandler
 *(SORT_BY_ALIGNMENT(.text*))
 .text.SVC_Handler
                0x000002c0       0x28 ./amazon-freertos/freertos/portable/port.o
                0x000002c0                SVC_Handler
 *fill*         0x000002e8        0x8 ff
 .text.PendSV_Handler
                0x000002f0       0x68 ./amazon-freertos/freertos/portable/port.o
                0x000002f0                PendSV_Handler
 .text.ConvertFloatRadixNumToString
                0x00000358      0x2b8 ./utilities/fsl_str.o
 .text.pow      0x00000610      0x55c d:/nxp/mcuxpressoide_11.0.0_2516/ide/plugins/com.nxp.mcuxpresso.tools.win32_11.0.0.201905131304/tools/bin/../lib/gcc/arm-none-eabi/8.2.1/../../../../arm-none-eabi/lib/thumb/v7e-m+fp/hard\libcr_c.a(pow.o)
                0x00000610                pow
 *fill*         0x00000b6c        0x4 ff
 .text.frexp    0x00000b70       0x68 d:/nxp/mcuxpressoide_11.0.0_2516/ide/plugins/com.nxp.mcuxpresso.tools.win32_11.0.0.201905131304/tools/bin/../lib/gcc/arm-none-eabi/8.2.1/../../../../arm-none-eabi/lib/thumb/v7e-m+fp/hard\libcr_c.a(frexp.o)
                0x00000b70                frexp
 .text.ldexp    0x00000bd8       0x5c d:/nxp/mcuxpressoide_11.0.0_2516/ide/plugins/com.nxp.mcuxpresso.tools.win32_11.0.0.201905131304/tools/bin/../lib/gcc/arm-none-eabi/8.2.1/../../../../arm-none-eabi/lib/thumb/v7e-m+fp/hard\libcr_c.a(ldexp.o)
                0x00000bd8                ldexp
 .text.DbgConsole_SendDataReliable
                0x00000c34       0x58 ./utilities/fsl_debug_console.o
                0x00000c34                DbgConsole_SendDataReliable
 .text.DbgConsole_Init
                0x00000c8c      0x104 ./utilities/fsl_debug_console.o
                0x00000c8c                DbgConsole_Init
 .text.DbgConsole_Printf
                0x00000d90       0x74 ./utilities/fsl_debug_console.o
                0x00000d90                DbgConsole_Printf
 .text.main     0x00000e04       0x40 ./source/LPC54608J512_hdc2010.o
                0x00000e04                main
 .text.HDC2010_init
                0x00000e44       0x20 ./source/hdc2010.o
                0x00000e44                HDC2010_init
 .text.HDC2010_readTemp
                0x00000e64      0x104 ./source/hdc2010.o
                0x00000e64                HDC2010_readTemp
 .text.HDC2010_readHumidity
                0x00000f68       0xf8 ./source/hdc2010.o
                0x00000f68                HDC2010_readHumidity
 .text.HDC2010_setLowTemp
                0x00001060       0xfc ./source/hdc2010.o
                0x00001060                HDC2010_setLowTemp
 .text.HDC2010_setHighTemp
                0x0000115c       0xfc ./source/hdc2010.o
                0x0000115c                HDC2010_setHighTemp
 .text.HDC2010_setHighHumidity
                0x00001258       0xe4 ./source/hdc2010.o
                0x00001258                HDC2010_setHighHumidity
 .text.HDC2010_setLowHumidity
                0x0000133c       0xe4 ./source/hdc2010.o
                0x0000133c                HDC2010_setLowHumidity
 .text.HDC2010_setTempRes
                0x00001420      0x184 ./source/hdc2010.o
                0x00001420                HDC2010_setTempRes
 .text.HDC2010_setHumidRes
                0x000015a4      0x184 ./source/hdc2010.o
                0x000015a4                HDC2010_setHumidRes
 .text.HDC2010_setMeasurementMode
                0x00001728      0x148 ./source/hdc2010.o
                0x00001728                HDC2010_setMeasurementMode
 .text.HDC2010_triggerMeasurement
                0x00001870      0x130 ./source/hdc2010.o
                0x00001870                HDC2010_triggerMeasurement
 .text.HDC2010_reset
                0x000019a0      0x128 ./source/hdc2010.o
                0x000019a0                HDC2010_reset
 .text.HDC2010_enableInterrupt
                0x00001ac8      0x120 ./source/hdc2010.o
                0x00001ac8                HDC2010_enableInterrupt
 .text.HDC2010_setRate
                0x00001be8      0x148 ./source/hdc2010.o
                0x00001be8                HDC2010_setRate
 .text.HDC2010_setInterruptPolarity
                0x00001d30      0x15c ./source/hdc2010.o
                0x00001d30                HDC2010_setInterruptPolarity
 .text.HDC2010_setInterruptMode
                0x00001e8c      0x15c ./source/hdc2010.o
                0x00001e8c                HDC2010_setInterruptMode
 .text.HDC2010_enableDRDYInterrupt
                0x00001fe8      0x130 ./source/hdc2010.o
                0x00001fe8                HDC2010_enableDRDYInterrupt
 .text.__NVIC_EnableIRQ
                0x00002118       0x3c ./source/hdc2010_test.o
 .text.__NVIC_SetPriority
                0x00002154       0x54 ./source/hdc2010_test.o
 .text.pint_intr_callback
                0x000021a8       0x58 ./source/hdc2010_test.o
                0x000021a8                pint_intr_callback
 .text.HDC2010_test
                0x00002200       0x48 ./source/hdc2010_test.o
                0x00002200                HDC2010_test
 .text.master_task
                0x00002248      0x208 ./source/hdc2010_test.o
 .text.I2C_RTOS_Callback
                0x00002450       0x4c ./drivers/freertos/fsl_i2c_freertos.o
 .text.I2C_RTOS_Init
                0x0000249c       0x9c ./drivers/freertos/fsl_i2c_freertos.o
                0x0000249c                I2C_RTOS_Init
 .text.CLOCK_GetAsyncApbClkSrc
                0x00002538       0x20 ./drivers/fsl_clock.o
 .text.CLOCK_AttachClk
                0x00002558       0x94 ./drivers/fsl_clock.o
                0x00002558                CLOCK_AttachClk
 .text.CLOCK_SetClkDiv
                0x000025ec       0x5c ./drivers/fsl_clock.o
                0x000025ec                CLOCK_SetClkDiv
 .text.CLOCK_SetupFROClocking
                0x00002648       0xc4 ./drivers/fsl_clock.o
                0x00002648                CLOCK_SetupFROClocking
 .text.CLOCK_GetClockOutClkFreq
                0x0000270c       0x98 ./drivers/fsl_clock.o
                0x0000270c                CLOCK_GetClockOutClkFreq
 .text.CLOCK_GetSpifiClkFreq
                0x000027a4       0x88 ./drivers/fsl_clock.o
                0x000027a4                CLOCK_GetSpifiClkFreq
 .text.CLOCK_GetAdcClkFreq
                0x0000282c       0x80 ./drivers/fsl_clock.o
                0x0000282c                CLOCK_GetAdcClkFreq
 .text.CLOCK_GetUsb0ClkFreq
                0x000028ac       0x78 ./drivers/fsl_clock.o
                0x000028ac                CLOCK_GetUsb0ClkFreq
 .text.CLOCK_GetUsb1ClkFreq
                0x00002924       0x78 ./drivers/fsl_clock.o
                0x00002924                CLOCK_GetUsb1ClkFreq
 .text.CLOCK_GetSctClkFreq
                0x0000299c       0x80 ./drivers/fsl_clock.o
                0x0000299c                CLOCK_GetSctClkFreq
 .text.CLOCK_GetSdioClkFreq
                0x00002a1c       0x88 ./drivers/fsl_clock.o
                0x00002a1c                CLOCK_GetSdioClkFreq
 .text.CLOCK_GetLcdClkFreq
                0x00002aa4       0x68 ./drivers/fsl_clock.o
                0x00002aa4                CLOCK_GetLcdClkFreq
 .text.CLOCK_GetFro12MFreq
                0x00002b0c       0x28 ./drivers/fsl_clock.o
                0x00002b0c                CLOCK_GetFro12MFreq
 .text.CLOCK_GetExtClkFreq
                0x00002b34       0x14 ./drivers/fsl_clock.o
                0x00002b34                CLOCK_GetExtClkFreq
 .text.CLOCK_GetWdtOscFreq
                0x00002b48       0x68 ./drivers/fsl_clock.o
                0x00002b48                CLOCK_GetWdtOscFreq
 .text.CLOCK_GetFroHfFreq
                0x00002bb0       0x50 ./drivers/fsl_clock.o
                0x00002bb0                CLOCK_GetFroHfFreq
 .text.CLOCK_GetPllOutFreq
                0x00002c00       0x18 ./drivers/fsl_clock.o
                0x00002c00                CLOCK_GetPllOutFreq
 .text.CLOCK_GetAudioPllOutFreq
                0x00002c18       0x18 ./drivers/fsl_clock.o
                0x00002c18                CLOCK_GetAudioPllOutFreq
 .text.CLOCK_GetUsbPllOutFreq
                0x00002c30       0x18 ./drivers/fsl_clock.o
                0x00002c30                CLOCK_GetUsbPllOutFreq
 .text.CLOCK_GetAsyncApbClkFreq
                0x00002c48       0x3c ./drivers/fsl_clock.o
                0x00002c48                CLOCK_GetAsyncApbClkFreq
 .text.CLOCK_GetFlexCommClkFreq
                0x00002c84       0x80 ./drivers/fsl_clock.o
                0x00002c84                CLOCK_GetFlexCommClkFreq
 .text.CLOCK_GetFRGInputClock
                0x00002d04       0x58 ./drivers/fsl_clock.o
                0x00002d04                CLOCK_GetFRGInputClock
 .text.CLOCK_GetDmicClkFreq
                0x00002d5c       0x80 ./drivers/fsl_clock.o
                0x00002d5c                CLOCK_GetDmicClkFreq
 .text.CLOCK_GetFreq
                0x00002ddc      0x228 ./drivers/fsl_clock.o
                0x00002ddc                CLOCK_GetFreq
 .text.CLOCK_SetFLASHAccessCyclesForFreq
                0x00003004       0xb8 ./drivers/fsl_clock.o
                0x00003004                CLOCK_SetFLASHAccessCyclesForFreq
 .text.CLOCK_SetPLLFreq
                0x000030bc      0x12c ./drivers/fsl_clock.o
                0x000030bc                CLOCK_SetPLLFreq
 .text.CLOCK_EnableClock
                0x000031e8       0x54 ./drivers/fsl_flexcomm.o
 .text.FLEXCOMM_GetInstance
                0x0000323c       0x44 ./drivers/fsl_flexcomm.o
                0x0000323c                FLEXCOMM_GetInstance
 .text.FLEXCOMM_Init
                0x00003280       0x5c ./drivers/fsl_flexcomm.o
                0x00003280                FLEXCOMM_Init
 .text.FLEXCOMM_SetIRQHandler
                0x000032dc       0x48 ./drivers/fsl_flexcomm.o
                0x000032dc                FLEXCOMM_SetIRQHandler
 .text.FLEXCOMM0_DriverIRQHandler
                0x00003324       0x3c ./drivers/fsl_flexcomm.o
                0x00003324                FLEXCOMM0_DriverIRQHandler
 .text.FLEXCOMM1_DriverIRQHandler
                0x00003360       0x3c ./drivers/fsl_flexcomm.o
                0x00003360                FLEXCOMM1_DriverIRQHandler
 .text.FLEXCOMM2_DriverIRQHandler
                0x0000339c       0x3c ./drivers/fsl_flexcomm.o
                0x0000339c                FLEXCOMM2_DriverIRQHandler
 .text.FLEXCOMM3_DriverIRQHandler
                0x000033d8       0x3c ./drivers/fsl_flexcomm.o
                0x000033d8                FLEXCOMM3_DriverIRQHandler
 .text.FLEXCOMM4_DriverIRQHandler
                0x00003414       0x3c ./drivers/fsl_flexcomm.o
                0x00003414                FLEXCOMM4_DriverIRQHandler
 .text.FLEXCOMM5_DriverIRQHandler
                0x00003450       0x3c ./drivers/fsl_flexcomm.o
                0x00003450                FLEXCOMM5_DriverIRQHandler
 .text.FLEXCOMM6_DriverIRQHandler
                0x0000348c       0x3c ./drivers/fsl_flexcomm.o
                0x0000348c                FLEXCOMM6_DriverIRQHandler
 .text.FLEXCOMM7_DriverIRQHandler
                0x000034c8       0x3c ./drivers/fsl_flexcomm.o
                0x000034c8                FLEXCOMM7_DriverIRQHandler
 .text.FLEXCOMM8_DriverIRQHandler
                0x00003504       0x3c ./drivers/fsl_flexcomm.o
                0x00003504                FLEXCOMM8_DriverIRQHandler
 .text.FLEXCOMM9_DriverIRQHandler
                0x00003540       0x3c ./drivers/fsl_flexcomm.o
                0x00003540                FLEXCOMM9_DriverIRQHandler
 .text.__NVIC_EnableIRQ
                0x0000357c       0x3c ./drivers/fsl_i2c.o
 .text.I2C_GetInstance
                0x000035b8       0x44 ./drivers/fsl_i2c.o
                0x000035b8                I2C_GetInstance
 .text.I2C_MasterGetDefaultConfig
                0x000035fc       0x30 ./drivers/fsl_i2c.o
                0x000035fc                I2C_MasterGetDefaultConfig
 .text.I2C_MasterTransferCreateHandle
                0x0000362c       0x70 ./drivers/fsl_i2c.o
                0x0000362c                I2C_MasterTransferCreateHandle
 .text.I2C_MasterTransferNonBlocking
                0x0000369c       0x7c ./drivers/fsl_i2c.o
                0x0000369c                I2C_MasterTransferNonBlocking
 .text.I2C_RunTransferStateMachine
                0x00003718      0x2bc ./drivers/fsl_i2c.o
 .text.CLOCK_EnableClock
                0x000039d4       0x54 ./drivers/fsl_inputmux.o
 .text.CLOCK_DisableClock
                0x00003a28       0x54 ./drivers/fsl_inputmux.o
 .text.__NVIC_EnableIRQ
                0x00003a7c       0x3c ./drivers/fsl_pint.o
 .text.__NVIC_ClearPendingIRQ
                0x00003ab8       0x3c ./drivers/fsl_pint.o
 .text.CLOCK_EnableClock
                0x00003af4       0x54 ./drivers/fsl_pint.o
 .text.PINT_Init
                0x00003b48       0x90 ./drivers/fsl_pint.o
                0x00003b48                PINT_Init
 .text.PINT_PinInterruptConfig
                0x00003bd8       0xb8 ./drivers/fsl_pint.o
                0x00003bd8                PINT_PinInterruptConfig
 .text.PINT_EnableCallbackByIndex
                0x00003c90       0x4c ./drivers/fsl_pint.o
                0x00003c90                PINT_EnableCallbackByIndex
 .text.PIN_INT0_DriverIRQHandler
                0x00003cdc       0x4c ./drivers/fsl_pint.o
                0x00003cdc                PIN_INT0_DriverIRQHandler
 .text.PIN_INT1_DriverIRQHandler
                0x00003d28       0x4c ./drivers/fsl_pint.o
                0x00003d28                PIN_INT1_DriverIRQHandler
 .text.PIN_INT2_DriverIRQHandler
                0x00003d74       0x4c ./drivers/fsl_pint.o
                0x00003d74                PIN_INT2_DriverIRQHandler
 .text.PIN_INT3_DriverIRQHandler
                0x00003dc0       0x4c ./drivers/fsl_pint.o
                0x00003dc0                PIN_INT3_DriverIRQHandler
 .text.PIN_INT4_DriverIRQHandler
                0x00003e0c       0x4c ./drivers/fsl_pint.o
                0x00003e0c                PIN_INT4_DriverIRQHandler
 .text.PIN_INT5_DriverIRQHandler
                0x00003e58       0x4c ./drivers/fsl_pint.o
                0x00003e58                PIN_INT5_DriverIRQHandler
 .text.PIN_INT6_DriverIRQHandler
                0x00003ea4       0x4c ./drivers/fsl_pint.o
                0x00003ea4                PIN_INT6_DriverIRQHandler
 .text.PIN_INT7_DriverIRQHandler
                0x00003ef0       0x4c ./drivers/fsl_pint.o
                0x00003ef0                PIN_INT7_DriverIRQHandler
 .text.RESET_SetPeripheralReset
                0x00003f3c       0x7c ./drivers/fsl_reset.o
                0x00003f3c                RESET_SetPeripheralReset
 .text.RESET_ClearPeripheralReset
                0x00003fb8       0x80 ./drivers/fsl_reset.o
                0x00003fb8                RESET_ClearPeripheralReset
 .text.USART_Init
                0x00004038      0x180 ./drivers/fsl_usart.o
                0x00004038                USART_Init
 .text.USART_GetDefaultConfig
                0x000041b8       0x74 ./drivers/fsl_usart.o
                0x000041b8                USART_GetDefaultConfig
 .text.USART_SetBaudRate
                0x0000422c      0x110 ./drivers/fsl_usart.o
                0x0000422c                USART_SetBaudRate
 .text.USART_WriteBlocking
                0x0000433c       0x88 ./drivers/fsl_usart.o
                0x0000433c                USART_WriteBlocking
 .text.HAL_UartInit
                0x000043c4      0x108 ./component/uart/usart_adapter.o
                0x000043c4                HAL_UartInit
 .text.HAL_UartSendBlocking
                0x000044cc       0x64 ./component/uart/usart_adapter.o
                0x000044cc                HAL_UartSendBlocking
 .text.SerialManager_Write
                0x00004530       0x6c ./component/serial_manager/serial_manager.o
 .text.SerialManager_Init
                0x0000459c       0x74 ./component/serial_manager/serial_manager.o
                0x0000459c                SerialManager_Init
 .text.SerialManager_OpenWriteHandle
                0x00004610       0x58 ./component/serial_manager/serial_manager.o
                0x00004610                SerialManager_OpenWriteHandle
 .text.SerialManager_OpenReadHandle
                0x00004668       0x60 ./component/serial_manager/serial_manager.o
                0x00004668                SerialManager_OpenReadHandle
 .text.Serial_UartInit
                0x000046c8       0x80 ./component/serial_manager/serial_port_uart.o
                0x000046c8                Serial_UartInit
 .text.Serial_UartWrite
                0x00004748       0x58 ./component/serial_manager/serial_port_uart.o
                0x00004748                Serial_UartWrite
 .text.BOARD_InitDebugConsole
                0x000047a0       0x48 ./board/boards/board.o
                0x000047a0                BOARD_InitDebugConsole
 .text.BOARD_BootClockPLL180M
                0x000047e8       0xe4 ./board/boards/clock_config.o
                0x000047e8                BOARD_BootClockPLL180M
 .text.CLOCK_EnableClock
                0x000048cc       0x54 ./board/boards/pin_mux.o
 .text.BOARD_InitPMod_SPI_I2C_BRIDGEPins
                0x00004920       0x44 ./board/boards/pin_mux.o
                0x00004920                BOARD_InitPMod_SPI_I2C_BRIDGEPins
 .text.BOARD_InitDEBUG_UARTPins
                0x00004964       0x4c ./board/boards/pin_mux.o
                0x00004964                BOARD_InitDEBUG_UARTPins
 .text.pvPortMalloc
                0x000049b0      0x184 ./amazon-freertos/freertos/portable/heap_4.o
                0x000049b0                pvPortMalloc
 .text.vPortFree
                0x00004b34       0xb0 ./amazon-freertos/freertos/portable/heap_4.o
                0x00004b34                vPortFree
 .text.prvHeapInit
                0x00004be4       0xc4 ./amazon-freertos/freertos/portable/heap_4.o
 .text.prvInsertBlockIntoFreeList
                0x00004ca8       0xb4 ./amazon-freertos/freertos/portable/heap_4.o
 .text.pxPortInitialiseStack
                0x00004d5c       0x68 ./amazon-freertos/freertos/portable/port.o
                0x00004d5c                pxPortInitialiseStack
 .text.prvTaskExitError
                0x00004dc4       0x54 ./amazon-freertos/freertos/portable/port.o
 .text.prvPortStartFirstTask
                0x00004e18       0x28 ./amazon-freertos/freertos/portable/port.o
 .text.xPortStartScheduler
                0x00004e40      0x13c ./amazon-freertos/freertos/portable/port.o
                0x00004e40                xPortStartScheduler
 .text.vPortEnterCritical
                0x00004f7c       0x5c ./amazon-freertos/freertos/portable/port.o
                0x00004f7c                vPortEnterCritical
 .text.vPortExitCritical
                0x00004fd8       0x50 ./amazon-freertos/freertos/portable/port.o
                0x00004fd8                vPortExitCritical
 .text.SysTick_Handler
                0x00005028       0x40 ./amazon-freertos/freertos/portable/port.o
                0x00005028                SysTick_Handler
 .text.vPortSetupTimerInterrupt
                0x00005068       0x48 ./amazon-freertos/freertos/portable/port.o
                0x00005068                vPortSetupTimerInterrupt
 .text.vPortEnableVFP
                0x000050b0       0x14 ./amazon-freertos/freertos/portable/port.o
 .text.vPortValidateInterruptPriority
                0x000050c4       0x7c ./amazon-freertos/freertos/portable/port.o
                0x000050c4                vPortValidateInterruptPriority
 .text.xQueueGenericReset
                0x00005140       0xd0 ./amazon-freertos/freertos/queue.o
                0x00005140                xQueueGenericReset
 .text.xQueueGenericSend
                0x00005210      0x1f4 ./amazon-freertos/freertos/queue.o
                0x00005210                xQueueGenericSend
 .text.xQueueReceive
                0x00005404      0x1b8 ./amazon-freertos/freertos/queue.o
                0x00005404                xQueueReceive
 .text.xQueueSemaphoreTake
                0x000055bc      0x214 ./amazon-freertos/freertos/queue.o
                0x000055bc                xQueueSemaphoreTake
 .text.vQueueAddToRegistry
                0x000057d0       0x50 ./amazon-freertos/freertos/queue.o
                0x000057d0                vQueueAddToRegistry
 .text.vQueueUnregisterQueue
                0x00005820       0x54 ./amazon-freertos/freertos/queue.o
                0x00005820                vQueueUnregisterQueue
 .text.prvAddNewTaskToReadyList
                0x00005874       0xdc ./amazon-freertos/freertos/tasks.o
 .text.vTaskDelay
                0x00005950       0x68 ./amazon-freertos/freertos/tasks.o
                0x00005950                vTaskDelay
 .text.vTaskStartScheduler
                0x000059b8       0x98 ./amazon-freertos/freertos/tasks.o
                0x000059b8                vTaskStartScheduler
 .text.vTaskSuspendAll
                0x00005a50       0x1c ./amazon-freertos/freertos/tasks.o
                0x00005a50                vTaskSuspendAll
 .text.xTaskResumeAll
                0x00005a6c      0x138 ./amazon-freertos/freertos/tasks.o
                0x00005a6c                xTaskResumeAll
 .text.xTaskGetTickCount
                0x00005ba4       0x20 ./amazon-freertos/freertos/tasks.o
                0x00005ba4                xTaskGetTickCount
 .text.xTaskIncrementTick
                0x00005bc4      0x150 ./amazon-freertos/freertos/tasks.o
                0x00005bc4                xTaskIncrementTick
 .text.vTaskSwitchContext
                0x00005d14       0xb4 ./amazon-freertos/freertos/tasks.o
                0x00005d14                vTaskSwitchContext
 .text.vTaskPlaceOnEventList
                0x00005dc8       0x48 ./amazon-freertos/freertos/tasks.o
                0x00005dc8                vTaskPlaceOnEventList
 .text.vTaskPlaceOnEventListRestricted
                0x00005e10       0x54 ./amazon-freertos/freertos/tasks.o
                0x00005e10                vTaskPlaceOnEventListRestricted
 .text.xTaskRemoveFromEventList
                0x00005e64       0xc4 ./amazon-freertos/freertos/tasks.o
                0x00005e64                xTaskRemoveFromEventList
 .text.vTaskInternalSetTimeOutState
                0x00005f28       0x2c ./amazon-freertos/freertos/tasks.o
                0x00005f28                vTaskInternalSetTimeOutState
 .text.xTaskCheckForTimeOut
                0x00005f54       0xc0 ./amazon-freertos/freertos/tasks.o
                0x00005f54                xTaskCheckForTimeOut
 .text.vTaskMissedYield
                0x00006014       0x18 ./amazon-freertos/freertos/tasks.o
                0x00006014                vTaskMissedYield
 .text.prvIdleTask
                0x0000602c       0x30 ./amazon-freertos/freertos/tasks.o
 .text.prvInitialiseTaskLists
                0x0000605c       0x80 ./amazon-freertos/freertos/tasks.o
 .text.prvCheckTasksWaitingTermination
                0x000060dc       0x58 ./amazon-freertos/freertos/tasks.o
 .text.prvResetNextTaskUnblockTime
                0x00006134       0x40 ./amazon-freertos/freertos/tasks.o
 .text.xTaskGetSchedulerState
                0x00006174       0x3c ./amazon-freertos/freertos/tasks.o
                0x00006174                xTaskGetSchedulerState
 .text.xTaskPriorityInherit
                0x000061b0      0x100 ./amazon-freertos/freertos/tasks.o
                0x000061b0                xTaskPriorityInherit
 .text.xTaskPriorityDisinherit
                0x000062b0      0x108 ./amazon-freertos/freertos/tasks.o
                0x000062b0                xTaskPriorityDisinherit
 .text.vTaskPriorityDisinheritAfterTimeout
                0x000063b8      0x130 ./amazon-freertos/freertos/tasks.o
                0x000063b8                vTaskPriorityDisinheritAfterTimeout
 .text.pvTaskIncrementMutexHeldCount
                0x000064e8       0x28 ./amazon-freertos/freertos/tasks.o
                0x000064e8                pvTaskIncrementMutexHeldCount
 .text.prvAddCurrentTaskToDelayedList
                0x00006510       0xcc ./amazon-freertos/freertos/tasks.o
 .text.xTimerCreateTimerTask
                0x000065dc       0x60 ./amazon-freertos/freertos/timers.o
                0x000065dc                xTimerCreateTimerTask
 .text.xTimerGenericCommand
                0x0000663c       0x98 ./amazon-freertos/freertos/timers.o
                0x0000663c                xTimerGenericCommand
 .text.prvProcessExpiredTimer
                0x000066d4       0x98 ./amazon-freertos/freertos/timers.o
 .text.prvProcessTimerOrBlockTask
                0x0000676c       0x9c ./amazon-freertos/freertos/timers.o
 .text.prvGetNextExpireTime
                0x00006808       0x48 ./amazon-freertos/freertos/timers.o
 .text.prvSampleTimeNow
                0x00006850       0x40 ./amazon-freertos/freertos/timers.o
 .text.prvInsertTimerInActiveList
                0x00006890       0x84 ./amazon-freertos/freertos/timers.o
 .text.prvProcessReceivedCommands
                0x00006914      0x1b8 ./amazon-freertos/freertos/timers.o
 .text.prvSwitchTimerLists
                0x00006acc       0xc8 ./amazon-freertos/freertos/timers.o
 .text.prvCheckForValidListAndQueue
                0x00006b94       0x6c ./amazon-freertos/freertos/timers.o
 .text.POWER_SetVoltageForFreq
                0x00006c00       0x44 D:\temp\mcuxpresso\LPC54608J512_hdc2010\libs\libpower_hardabi.a(fsl_power_lib.o)
                0x00006c00                POWER_SetVoltageForFreq
 .text.POWER_SetPLL
                0x00006c44       0x1c D:\temp\mcuxpresso\LPC54608J512_hdc2010\libs\libpower_hardabi.a(fsl_power_lib.o)
                0x00006c44                POWER_SetPLL
 .text.__assertion_failed
                0x00006c60       0x4c d:/nxp/mcuxpressoide_11.0.0_2516/ide/plugins/com.nxp.mcuxpresso.tools.win32_11.0.0.201905131304/tools/bin/../lib/gcc/arm-none-eabi/8.2.1/../../../../arm-none-eabi/lib/thumb/v7e-m+fp/hard\libcr_nohost_nf.a(_cr_assert.o)
                0x00006c60                __assertion_failed
 .text._Cwritebuf
                0x00006cac       0x6c d:/nxp/mcuxpressoide_11.0.0_2516/ide/plugins/com.nxp.mcuxpresso.tools.win32_11.0.0.201905131304/tools/bin/../lib/gcc/arm-none-eabi/8.2.1/../../../../arm-none-eabi/lib/thumb/v7e-m+fp/hard\libcr_c.a(_writebuf.o)
                0x00006cac                _Cwritebuf
 .text.malloc   0x00006d18       0xc8 d:/nxp/mcuxpressoide_11.0.0_2516/ide/plugins/com.nxp.mcuxpresso.tools.win32_11.0.0.201905131304/tools/bin/../lib/gcc/arm-none-eabi/8.2.1/../../../../arm-none-eabi/lib/thumb/v7e-m+fp/hard\libcr_c.a(alloc.o)
                0x00006d18                malloc
 .text._Csys_alloc
                0x00006de0       0x20 d:/nxp/mcuxpressoide_11.0.0_2516/ide/plugins/com.nxp.mcuxpresso.tools.win32_11.0.0.201905131304/tools/bin/../lib/gcc/arm-none-eabi/8.2.1/../../../../arm-none-eabi/lib/thumb/v7e-m+fp/hard\libcr_c.a(alloc.o)
                0x00006de0                _Csys_alloc
 .text.fseek    0x00006e00      0x100 d:/nxp/mcuxpressoide_11.0.0_2516/ide/plugins/com.nxp.mcuxpresso.tools.win32_11.0.0.201905131304/tools/bin/../lib/gcc/arm-none-eabi/8.2.1/../../../../arm-none-eabi/lib/thumb/v7e-m+fp/hard\libcr_c.a(fseek.o)
                0x00006e00                fseek
 .text.ftell    0x00006f00       0x48 d:/nxp/mcuxpressoide_11.0.0_2516/ide/plugins/com.nxp.mcuxpresso.tools.win32_11.0.0.201905131304/tools/bin/../lib/gcc/arm-none-eabi/8.2.1/../../../../arm-none-eabi/lib/thumb/v7e-m+fp/hard\libcr_c.a(ftell.o)
                0x00006f00                ftell
 .text._initio  0x00006f48       0x78 d:/nxp/mcuxpressoide_11.0.0_2516/ide/plugins/com.nxp.mcuxpresso.tools.win32_11.0.0.201905131304/tools/bin/../lib/gcc/arm-none-eabi/8.2.1/../../../../arm-none-eabi/lib/thumb/v7e-m+fp/hard\libcr_c.a(initio.o)
                0x00006f48                _initio
 .text.modf     0x00006fc0       0x8c d:/nxp/mcuxpressoide_11.0.0_2516/ide/plugins/com.nxp.mcuxpresso.tools.win32_11.0.0.201905131304/tools/bin/../lib/gcc/arm-none-eabi/8.2.1/../../../../arm-none-eabi/lib/thumb/v7e-m+fp/hard\libcr_c.a(modf.o)
                0x00006fc0                modf
 .text.setvbuf  0x0000704c       0x40 d:/nxp/mcuxpressoide_11.0.0_2516/ide/plugins/com.nxp.mcuxpresso.tools.win32_11.0.0.201905131304/tools/bin/../lib/gcc/arm-none-eabi/8.2.1/../../../../arm-none-eabi/lib/thumb/v7e-m+fp/hard\libcr_c.a(setvbuf.o)
                0x0000704c                setvbuf
 .text._sbrk    0x0000708c       0x3c d:/nxp/mcuxpressoide_11.0.0_2516/ide/plugins/com.nxp.mcuxpresso.tools.win32_11.0.0.201905131304/tools/bin/../lib/gcc/arm-none-eabi/8.2.1/../../../../arm-none-eabi/lib/thumb/v7e-m+fp/hard\libcr_c.a(_cr_sbrk.o)
                0x0000708c                _sbrk
 .text.fflush   0x000070c8       0x44 d:/nxp/mcuxpressoide_11.0.0_2516/ide/plugins/com.nxp.mcuxpresso.tools.win32_11.0.0.201905131304/tools/bin/../lib/gcc/arm-none-eabi/8.2.1/../../../../arm-none-eabi/lib/thumb/v7e-m+fp/hard\libcr_c.a(fflush.o)
                0x000070c8                fflush
 .text.__check_heap_overflow
                0x0000710c       0x18 d:/nxp/mcuxpressoide_11.0.0_2516/ide/plugins/com.nxp.mcuxpresso.tools.win32_11.0.0.201905131304/tools/bin/../lib/gcc/arm-none-eabi/8.2.1/../../../../arm-none-eabi/lib/thumb/v7e-m+fp/hard\libcr_c.a(_cr_check_heap.o)
                0x0000710c                __check_heap_overflow
 .text.__aeabi_dmul
                0x00007124      0x114 d:/nxp/mcuxpressoide_11.0.0_2516/ide/plugins/com.nxp.mcuxpresso.tools.win32_11.0.0.201905131304/tools/bin/../lib/gcc/arm-none-eabi/8.2.1/thumb/v7e-m+fp/hard\libcr_eabihelpers.a(double.o)
                0x00007124                __aeabi_dmul
 .text.__aeabi_ddiv
                0x00007238      0x150 d:/nxp/mcuxpressoide_11.0.0_2516/ide/plugins/com.nxp.mcuxpresso.tools.win32_11.0.0.201905131304/tools/bin/../lib/gcc/arm-none-eabi/8.2.1/thumb/v7e-m+fp/hard\libcr_eabihelpers.a(double.o)
                0x00007238                __aeabi_ddiv
 .text.__aeabi_dsub
                0x00007388      0x1ac d:/nxp/mcuxpressoide_11.0.0_2516/ide/plugins/com.nxp.mcuxpresso.tools.win32_11.0.0.201905131304/tools/bin/../lib/gcc/arm-none-eabi/8.2.1/thumb/v7e-m+fp/hard\libcr_eabihelpers.a(double.o)
                0x00007388                __aeabi_dsub
 .text.__aeabi_dadd
                0x00007534      0x114 d:/nxp/mcuxpressoide_11.0.0_2516/ide/plugins/com.nxp.mcuxpresso.tools.win32_11.0.0.201905131304/tools/bin/../lib/gcc/arm-none-eabi/8.2.1/thumb/v7e-m+fp/hard\libcr_eabihelpers.a(double.o)
                0x00007534                __aeabi_dadd
 .text.__aeabi_f2d
                0x00007648       0x38 d:/nxp/mcuxpressoide_11.0.0_2516/ide/plugins/com.nxp.mcuxpresso.tools.win32_11.0.0.201905131304/tools/bin/../lib/gcc/arm-none-eabi/8.2.1/thumb/v7e-m+fp/hard\libcr_eabihelpers.a(float.o)
                0x00007648                __aeabi_f2d
 .text.DbgConsole_PrintCallback
                0x00007680       0x64 ./utilities/fsl_debug_console.o
 .text.ConvertRadixNumToString
                0x000076e4      0x114 ./utilities/fsl_str.o
 .text.StrFormatPrintf
                0x000077f8      0x34a ./utilities/fsl_str.o
                0x000077f8                StrFormatPrintf
 .text.WDT_BOD_IRQHandler
                0x00007b42        0xc ./startup/startup_lpc54608.o
                0x00007b42                WDT_BOD_IRQHandler
 .text.DMA0_IRQHandler
                0x00007b4e        0xc ./startup/startup_lpc54608.o
                0x00007b4e                DMA0_IRQHandler
 .text.GINT0_IRQHandler
                0x00007b5a        0xc ./startup/startup_lpc54608.o
                0x00007b5a                GINT0_IRQHandler
 .text.GINT1_IRQHandler
                0x00007b66        0xc ./startup/startup_lpc54608.o
                0x00007b66                GINT1_IRQHandler
 .text.PIN_INT0_IRQHandler
                0x00007b72        0xc ./startup/startup_lpc54608.o
                0x00007b72                PIN_INT0_IRQHandler
 .text.PIN_INT1_IRQHandler
                0x00007b7e        0xc ./startup/startup_lpc54608.o
                0x00007b7e                PIN_INT1_IRQHandler
 .text.PIN_INT2_IRQHandler
                0x00007b8a        0xc ./startup/startup_lpc54608.o
                0x00007b8a                PIN_INT2_IRQHandler
 .text.PIN_INT3_IRQHandler
                0x00007b96        0xc ./startup/startup_lpc54608.o
                0x00007b96                PIN_INT3_IRQHandler
 .text.UTICK0_IRQHandler
                0x00007ba2        0xc ./startup/startup_lpc54608.o
                0x00007ba2                UTICK0_IRQHandler
 .text.MRT0_IRQHandler
                0x00007bae        0xc ./startup/startup_lpc54608.o
                0x00007bae                MRT0_IRQHandler
 .text.CTIMER0_IRQHandler
                0x00007bba        0xc ./startup/startup_lpc54608.o
                0x00007bba                CTIMER0_IRQHandler
 .text.CTIMER1_IRQHandler
                0x00007bc6        0xc ./startup/startup_lpc54608.o
                0x00007bc6                CTIMER1_IRQHandler
 .text.SCT0_IRQHandler
                0x00007bd2        0xc ./startup/startup_lpc54608.o
                0x00007bd2                SCT0_IRQHandler
 .text.CTIMER3_IRQHandler
                0x00007bde        0xc ./startup/startup_lpc54608.o
                0x00007bde                CTIMER3_IRQHandler
 .text.FLEXCOMM0_IRQHandler
                0x00007bea        0xc ./startup/startup_lpc54608.o
                0x00007bea                FLEXCOMM0_IRQHandler
 .text.FLEXCOMM1_IRQHandler
                0x00007bf6        0xc ./startup/startup_lpc54608.o
                0x00007bf6                FLEXCOMM1_IRQHandler
 .text.FLEXCOMM2_IRQHandler
                0x00007c02        0xc ./startup/startup_lpc54608.o
                0x00007c02                FLEXCOMM2_IRQHandler
 .text.FLEXCOMM3_IRQHandler
                0x00007c0e        0xc ./startup/startup_lpc54608.o
                0x00007c0e                FLEXCOMM3_IRQHandler
 .text.FLEXCOMM4_IRQHandler
                0x00007c1a        0xc ./startup/startup_lpc54608.o
                0x00007c1a                FLEXCOMM4_IRQHandler
 .text.FLEXCOMM5_IRQHandler
                0x00007c26        0xc ./startup/startup_lpc54608.o
                0x00007c26                FLEXCOMM5_IRQHandler
 .text.FLEXCOMM6_IRQHandler
                0x00007c32        0xc ./startup/startup_lpc54608.o
                0x00007c32                FLEXCOMM6_IRQHandler
 .text.FLEXCOMM7_IRQHandler
                0x00007c3e        0xc ./startup/startup_lpc54608.o
                0x00007c3e                FLEXCOMM7_IRQHandler
 .text.ADC0_SEQA_IRQHandler
                0x00007c4a        0xc ./startup/startup_lpc54608.o
                0x00007c4a                ADC0_SEQA_IRQHandler
 .text.ADC0_SEQB_IRQHandler
                0x00007c56        0xc ./startup/startup_lpc54608.o
                0x00007c56                ADC0_SEQB_IRQHandler
 .text.ADC0_THCMP_IRQHandler
                0x00007c62        0xc ./startup/startup_lpc54608.o
                0x00007c62                ADC0_THCMP_IRQHandler
 .text.DMIC0_IRQHandler
                0x00007c6e        0xc ./startup/startup_lpc54608.o
                0x00007c6e                DMIC0_IRQHandler
 .text.HWVAD0_IRQHandler
                0x00007c7a        0xc ./startup/startup_lpc54608.o
                0x00007c7a                HWVAD0_IRQHandler
 .text.USB0_NEEDCLK_IRQHandler
                0x00007c86        0xc ./startup/startup_lpc54608.o
                0x00007c86                USB0_NEEDCLK_IRQHandler
 .text.USB0_IRQHandler
                0x00007c92        0xc ./startup/startup_lpc54608.o
                0x00007c92                USB0_IRQHandler
 .text.RTC_IRQHandler
                0x00007c9e        0xc ./startup/startup_lpc54608.o
                0x00007c9e                RTC_IRQHandler
 .text.Reserved46_IRQHandler
                0x00007caa        0xc ./startup/startup_lpc54608.o
                0x00007caa                Reserved46_IRQHandler
 .text.Reserved47_IRQHandler
                0x00007cb6        0xc ./startup/startup_lpc54608.o
                0x00007cb6                Reserved47_IRQHandler
 .text.PIN_INT4_IRQHandler
                0x00007cc2        0xc ./startup/startup_lpc54608.o
                0x00007cc2                PIN_INT4_IRQHandler
 .text.PIN_INT5_IRQHandler
                0x00007cce        0xc ./startup/startup_lpc54608.o
                0x00007cce                PIN_INT5_IRQHandler
 .text.PIN_INT6_IRQHandler
                0x00007cda        0xc ./startup/startup_lpc54608.o
                0x00007cda                PIN_INT6_IRQHandler
 .text.PIN_INT7_IRQHandler
                0x00007ce6        0xc ./startup/startup_lpc54608.o
                0x00007ce6                PIN_INT7_IRQHandler
 .text.CTIMER2_IRQHandler
                0x00007cf2        0xc ./startup/startup_lpc54608.o
                0x00007cf2                CTIMER2_IRQHandler
 .text.CTIMER4_IRQHandler
                0x00007cfe        0xc ./startup/startup_lpc54608.o
                0x00007cfe                CTIMER4_IRQHandler
 .text.RIT_IRQHandler
                0x00007d0a        0xc ./startup/startup_lpc54608.o
                0x00007d0a                RIT_IRQHandler
 .text.SPIFI0_IRQHandler
                0x00007d16        0xc ./startup/startup_lpc54608.o
                0x00007d16                SPIFI0_IRQHandler
 .text.FLEXCOMM8_IRQHandler
                0x00007d22        0xc ./startup/startup_lpc54608.o
                0x00007d22                FLEXCOMM8_IRQHandler
 .text.FLEXCOMM9_IRQHandler
                0x00007d2e        0xc ./startup/startup_lpc54608.o
                0x00007d2e                FLEXCOMM9_IRQHandler
 .text.SDIO_IRQHandler
                0x00007d3a        0xc ./startup/startup_lpc54608.o
                0x00007d3a                SDIO_IRQHandler
 .text.CAN0_IRQ0_IRQHandler
                0x00007d46        0xc ./startup/startup_lpc54608.o
                0x00007d46                CAN0_IRQ0_IRQHandler
 .text.CAN0_IRQ1_IRQHandler
                0x00007d52        0xc ./startup/startup_lpc54608.o
                0x00007d52                CAN0_IRQ1_IRQHandler
 .text.CAN1_IRQ0_IRQHandler
                0x00007d5e        0xc ./startup/startup_lpc54608.o
                0x00007d5e                CAN1_IRQ0_IRQHandler
 .text.CAN1_IRQ1_IRQHandler
                0x00007d6a        0xc ./startup/startup_lpc54608.o
                0x00007d6a                CAN1_IRQ1_IRQHandler
 .text.USB1_IRQHandler
                0x00007d76        0xc ./startup/startup_lpc54608.o
                0x00007d76                USB1_IRQHandler
 .text.USB1_NEEDCLK_IRQHandler
                0x00007d82        0xc ./startup/startup_lpc54608.o
                0x00007d82                USB1_NEEDCLK_IRQHandler
 .text.ETHERNET_IRQHandler
                0x00007d8e        0xc ./startup/startup_lpc54608.o
                0x00007d8e                ETHERNET_IRQHandler
 .text.ETHERNET_PMT_IRQHandler
                0x00007d9a        0xc ./startup/startup_lpc54608.o
                0x00007d9a                ETHERNET_PMT_IRQHandler
 .text.ETHERNET_MACLP_IRQHandler
                0x00007da6        0xc ./startup/startup_lpc54608.o
                0x00007da6                ETHERNET_MACLP_IRQHandler
 .text.EEPROM_IRQHandler
                0x00007db2        0xc ./startup/startup_lpc54608.o
                0x00007db2                EEPROM_IRQHandler
 .text.LCD_IRQHandler
                0x00007dbe        0xc ./startup/startup_lpc54608.o
                0x00007dbe                LCD_IRQHandler
 .text.SHA_IRQHandler
                0x00007dca        0xc ./startup/startup_lpc54608.o
                0x00007dca                SHA_IRQHandler
 .text.SMARTCARD0_IRQHandler
                0x00007dd6        0xc ./startup/startup_lpc54608.o
                0x00007dd6                SMARTCARD0_IRQHandler
 .text.SMARTCARD1_IRQHandler
                0x00007de2        0xc ./startup/startup_lpc54608.o
                0x00007de2                SMARTCARD1_IRQHandler
 .text.EnableIRQ
                0x00007dee       0x2c ./source/hdc2010_test.o
 .text.HardFault_Handler
                0x00007e1a       0x2c ./source/semihost_hardfault.o
                0x00007e1a                HardFault_Handler
 .text.I2C_RTOS_Transfer
                0x00007e46       0x76 ./drivers/freertos/fsl_i2c_freertos.o
                0x00007e46                I2C_RTOS_Transfer
 .text.CLOCK_SetFLASHAccessCycles
                0x00007ebc       0x34 ./drivers/fsl_clock.o
 .text.CLOCK_IsSystemPLLLocked
                0x00007ef0       0x24 ./drivers/fsl_clock.o
 .text.CLOCK_Enable_SysOsc
                0x00007f14       0x5c ./drivers/fsl_clock.o
 .text.POWER_EnablePD
                0x00007f70       0x2e ./drivers/fsl_clock.o
 .text.POWER_DisablePD
                0x00007f9e       0x2e ./drivers/fsl_clock.o
 .text.CLOCK_GetMclkClkFreq
                0x00007fcc       0x62 ./drivers/fsl_clock.o
                0x00007fcc                CLOCK_GetMclkClkFreq
 .text.CLOCK_GetLcdClkIn
                0x0000802e       0x10 ./drivers/fsl_clock.o
                0x0000802e                CLOCK_GetLcdClkIn
 .text.CLOCK_GetOsc32KFreq
                0x0000803e       0x12 ./drivers/fsl_clock.o
                0x0000803e                CLOCK_GetOsc32KFreq
 .text.CLOCK_GetCoreSysClkFreq
                0x00008050       0x8e ./drivers/fsl_clock.o
                0x00008050                CLOCK_GetCoreSysClkFreq
 .text.CLOCK_GetI2SMClkFreq
                0x000080de       0x10 ./drivers/fsl_clock.o
                0x000080de                CLOCK_GetI2SMClkFreq
 .text.CLOCK_GetFrgClkFreq
                0x000080ee       0x64 ./drivers/fsl_clock.o
                0x000080ee                CLOCK_GetFrgClkFreq
 .text.FLEXCOMM_PeripheralIsPresent
                0x00008152       0x64 ./drivers/fsl_flexcomm.o
 .text.FLEXCOMM_SetPeriph
                0x000081b6       0x74 ./drivers/fsl_flexcomm.o
 .text.EnableIRQ
                0x0000822a       0x2c ./drivers/fsl_i2c.o
 .text.I2C_MasterEnable
                0x00008256       0x44 ./drivers/fsl_i2c.o
 .text.I2C_GetStatusFlags
                0x0000829a       0x1a ./drivers/fsl_i2c.o
 .text.I2C_MasterClearStatusFlags
                0x000082b4       0x22 ./drivers/fsl_i2c.o
 .text.I2C_EnableInterrupts
                0x000082d6       0x1e ./drivers/fsl_i2c.o
 .text.I2C_DisableInterrupts
                0x000082f4       0x1e ./drivers/fsl_i2c.o
 .text.I2C_MasterInit
                0x00008312       0x36 ./drivers/fsl_i2c.o
                0x00008312                I2C_MasterInit
 .text.I2C_MasterSetBaudRate
                0x00008348       0xba ./drivers/fsl_i2c.o
                0x00008348                I2C_MasterSetBaudRate
 .text.I2C_InitTransferStateMachine
                0x00008402       0xe8 ./drivers/fsl_i2c.o
 .text.I2C_MasterTransferHandleIRQ
                0x000084ea       0x5c ./drivers/fsl_i2c.o
                0x000084ea                I2C_MasterTransferHandleIRQ
 .text.INPUTMUX_Init
                0x00008546       0x16 ./drivers/fsl_inputmux.o
                0x00008546                INPUTMUX_Init
 .text.INPUTMUX_AttachSignal
                0x0000855c       0x36 ./drivers/fsl_inputmux.o
                0x0000855c                INPUTMUX_AttachSignal
 .text.INPUTMUX_Deinit
                0x00008592       0x16 ./drivers/fsl_inputmux.o
                0x00008592                INPUTMUX_Deinit
 .text.EnableIRQ
                0x000085a8       0x2c ./drivers/fsl_pint.o
 .text.PINT_PinInterruptClrFallFlag
                0x000085d4       0x22 ./drivers/fsl_pint.o
 .text.PINT_PinInterruptClrRiseFlag
                0x000085f6       0x22 ./drivers/fsl_pint.o
 .text.PINT_PatternMatchResetDetectLogic
                0x00008618       0x34 ./drivers/fsl_pint.o
                0x00008618                PINT_PatternMatchResetDetectLogic
 .text.PINT_PinInterruptClrStatus
                0x0000864c       0x4e ./drivers/fsl_pint.o
                0x0000864c                PINT_PinInterruptClrStatus
 .text.RESET_PeripheralReset
                0x0000869a       0x1c ./drivers/fsl_reset.o
                0x0000869a                RESET_PeripheralReset
 .text.USART_EnableContinuousSCLK
                0x000086b6       0x38 ./drivers/fsl_usart.o
 .text.HAL_UartGetStatus
                0x000086ee       0x22 ./component/uart/usart_adapter.o
 .text.SerialManager_StartWriting
                0x00008710       0x4a ./component/serial_manager/serial_manager.o
 .text.SerialManager_WriteBlocking
                0x0000875a       0x20 ./component/serial_manager/serial_manager.o
                0x0000875a                SerialManager_WriteBlocking
 .text.POWER_DisablePD
                0x0000877a       0x2e ./board/boards/clock_config.o
 .text.BOARD_InitBootClocks
                0x000087a8        0xc ./board/boards/clock_config.o
                0x000087a8                BOARD_InitBootClocks
 .text.BOARD_InitPeripherals
                0x000087b4        0xe ./board/boards/peripherals.o
                0x000087b4                BOARD_InitPeripherals
 .text.BOARD_InitBootPeripherals
                0x000087c2        0xc ./board/boards/peripherals.o
                0x000087c2                BOARD_InitBootPeripherals
 .text.BOARD_InitBootPins
                0x000087ce       0x10 ./board/boards/pin_mux.o
                0x000087ce                BOARD_InitBootPins
 .text.BOARD_InitPins
                0x000087de        0xe ./board/boards/pin_mux.o
                0x000087de                BOARD_InitPins
 .text.vListInitialise
                0x000087ec       0x40 ./amazon-freertos/freertos/list.o
                0x000087ec                vListInitialise
 .text.vListInitialiseItem
                0x0000882c       0x1a ./amazon-freertos/freertos/list.o
                0x0000882c                vListInitialiseItem
 .text.vListInsertEnd
                0x00008846       0x48 ./amazon-freertos/freertos/list.o
                0x00008846                vListInsertEnd
 .text.vListInsert
                0x0000888e       0x72 ./amazon-freertos/freertos/list.o
                0x0000888e                vListInsert
 .text.uxListRemove
                0x00008900       0x54 ./amazon-freertos/freertos/list.o
                0x00008900                uxListRemove
 .text.xQueueGenericCreate
                0x00008954       0x76 ./amazon-freertos/freertos/queue.o
                0x00008954                xQueueGenericCreate
 .text.prvInitialiseNewQueue
                0x000089ca       0x46 ./amazon-freertos/freertos/queue.o
 .text.prvInitialiseMutex
                0x00008a10       0x34 ./amazon-freertos/freertos/queue.o
 .text.xQueueCreateMutex
                0x00008a44       0x30 ./amazon-freertos/freertos/queue.o
                0x00008a44                xQueueCreateMutex
 .text.xQueueGenericSendFromISR
                0x00008a74      0x128 ./amazon-freertos/freertos/queue.o
                0x00008a74                xQueueGenericSendFromISR
 .text.xQueueGiveFromISR
                0x00008b9c      0x112 ./amazon-freertos/freertos/queue.o
                0x00008b9c                xQueueGiveFromISR
 .text.vQueueDelete
                0x00008cae       0x3a ./amazon-freertos/freertos/queue.o
                0x00008cae                vQueueDelete
 .text.prvGetDisinheritPriorityAfterTimeout
                0x00008ce8       0x30 ./amazon-freertos/freertos/queue.o
 .text.prvCopyDataToQueue
                0x00008d18       0xd4 ./amazon-freertos/freertos/queue.o
 .text.prvCopyDataFromQueue
                0x00008dec       0x4c ./amazon-freertos/freertos/queue.o
 .text.prvUnlockQueue
                0x00008e38       0xa4 ./amazon-freertos/freertos/queue.o
 .text.prvIsQueueEmpty
                0x00008edc       0x2c ./amazon-freertos/freertos/queue.o
 .text.prvIsQueueFull
                0x00008f08       0x30 ./amazon-freertos/freertos/queue.o
 .text.vQueueWaitForMessageRestricted
                0x00008f38       0x68 ./amazon-freertos/freertos/queue.o
                0x00008f38                vQueueWaitForMessageRestricted
 .text.xTaskCreate
                0x00008fa0       0x82 ./amazon-freertos/freertos/tasks.o
                0x00008fa0                xTaskCreate
 .text.prvInitialiseNewTask
                0x00009022      0x13a ./amazon-freertos/freertos/tasks.o
 .text.prvDeleteTCB
                0x0000915c       0x20 ./amazon-freertos/freertos/tasks.o
 .text.prvTimerTask
                0x0000917c       0x24 ./amazon-freertos/freertos/timers.o
 .text.__main   0x000091a0        0xe d:/nxp/mcuxpressoide_11.0.0_2516/ide/plugins/com.nxp.mcuxpresso.tools.win32_11.0.0.201905131304/tools/bin/../lib/gcc/arm-none-eabi/8.2.1/../../../../arm-none-eabi/lib/thumb/v7e-m+fp/hard\libcr_nohost_nf.a(_cr__main.o)
                0x000091a0                __main
 .text.__sys_appexit
                0x000091ae        0x2 d:/nxp/mcuxpressoide_11.0.0_2516/ide/plugins/com.nxp.mcuxpresso.tools.win32_11.0.0.201905131304/tools/bin/../lib/gcc/arm-none-eabi/8.2.1/../../../../arm-none-eabi/lib/thumb/v7e-m+fp/hard\libcr_nohost_nf.a(__sys_appexit.o)
                0x000091ae                __sys_appexit
                0x000091ae                __exit
 .text.memcpy   0x000091b0        0x4 d:/nxp/mcuxpressoide_11.0.0_2516/ide/plugins/com.nxp.mcuxpresso.tools.win32_11.0.0.201905131304/tools/bin/../lib/gcc/arm-none-eabi/8.2.1/../../../../arm-none-eabi/lib/thumb/v7e-m+fp/hard\libcr_c.a(memcpy.o)
                0x000091b0                memcpy
 .text.memset   0x000091b4        0x4 d:/nxp/mcuxpressoide_11.0.0_2516/ide/plugins/com.nxp.mcuxpresso.tools.win32_11.0.0.201905131304/tools/bin/../lib/gcc/arm-none-eabi/8.2.1/../../../../arm-none-eabi/lib/thumb/v7e-m+fp/hard\libcr_c.a(memset.o)
                0x000091b4                memset
 .text._deferredlazyseek
                0x000091b8       0x40 d:/nxp/mcuxpressoide_11.0.0_2516/ide/plugins/com.nxp.mcuxpresso.tools.win32_11.0.0.201905131304/tools/bin/../lib/gcc/arm-none-eabi/8.2.1/../../../../arm-none-eabi/lib/thumb/v7e-m+fp/hard\libcr_c.a(_deferredlazyseek.o)
                0x000091b8                _deferredlazyseek
 .text.__flsbuf
                0x000091f8      0x140 d:/nxp/mcuxpressoide_11.0.0_2516/ide/plugins/com.nxp.mcuxpresso.tools.win32_11.0.0.201905131304/tools/bin/../lib/gcc/arm-none-eabi/8.2.1/../../../../arm-none-eabi/lib/thumb/v7e-m+fp/hard\libcr_c.a(_deferredlazyseek.o)
                0x000091f8                __flsbuf
 .text._fflush  0x00009338       0x52 d:/nxp/mcuxpressoide_11.0.0_2516/ide/plugins/com.nxp.mcuxpresso.tools.win32_11.0.0.201905131304/tools/bin/../lib/gcc/arm-none-eabi/8.2.1/../../../../arm-none-eabi/lib/thumb/v7e-m+fp/hard\libcr_c.a(_fflush.o)
                0x00009338                _fflush
 .text.free     0x0000938a       0x30 d:/nxp/mcuxpressoide_11.0.0_2516/ide/plugins/com.nxp.mcuxpresso.tools.win32_11.0.0.201905131304/tools/bin/../lib/gcc/arm-none-eabi/8.2.1/../../../../arm-none-eabi/lib/thumb/v7e-m+fp/hard\libcr_c.a(alloc.o)
                0x0000938a                free
 .text.fputs    0x000093ba       0x2c d:/nxp/mcuxpressoide_11.0.0_2516/ide/plugins/com.nxp.mcuxpresso.tools.win32_11.0.0.201905131304/tools/bin/../lib/gcc/arm-none-eabi/8.2.1/../../../../arm-none-eabi/lib/thumb/v7e-m+fp/hard\libcr_c.a(fputs.o)
                0x000093ba                fputs
 .text.strlen   0x000093e6       0x4c d:/nxp/mcuxpressoide_11.0.0_2516/ide/plugins/com.nxp.mcuxpresso.tools.win32_11.0.0.201905131304/tools/bin/../lib/gcc/arm-none-eabi/8.2.1/../../../../arm-none-eabi/lib/thumb/v7e-m+fp/hard\libcr_c.a(strlen.o)
                0x000093e6                strlen
 .text._fdopen  0x00009432       0x68 d:/nxp/mcuxpressoide_11.0.0_2516/ide/plugins/com.nxp.mcuxpresso.tools.win32_11.0.0.201905131304/tools/bin/../lib/gcc/arm-none-eabi/8.2.1/../../../../arm-none-eabi/lib/thumb/v7e-m+fp/hard\libcr_c.a(_fdopen.o)
                0x00009432                _fdopen
 .text.fclose   0x0000949a       0x58 d:/nxp/mcuxpressoide_11.0.0_2516/ide/plugins/com.nxp.mcuxpresso.tools.win32_11.0.0.201905131304/tools/bin/../lib/gcc/arm-none-eabi/8.2.1/../../../../arm-none-eabi/lib/thumb/v7e-m+fp/hard\libcr_c.a(fclose.o)
                0x0000949a                fclose
 .text.remove   0x000094f2       0x14 d:/nxp/mcuxpressoide_11.0.0_2516/ide/plugins/com.nxp.mcuxpresso.tools.win32_11.0.0.201905131304/tools/bin/../lib/gcc/arm-none-eabi/8.2.1/../../../../arm-none-eabi/lib/thumb/v7e-m+fp/hard\libcr_c.a(remove.o)
                0x000094f2                remove
 .text._do_fflush
                0x00009506       0x40 d:/nxp/mcuxpressoide_11.0.0_2516/ide/plugins/com.nxp.mcuxpresso.tools.win32_11.0.0.201905131304/tools/bin/../lib/gcc/arm-none-eabi/8.2.1/../../../../arm-none-eabi/lib/thumb/v7e-m+fp/hard\libcr_c.a(_do_fflush.o)
                0x00009506                _do_fflush
 .text.__aeabi_division_uldivmod
                0x00009546      0x174 d:/nxp/mcuxpressoide_11.0.0_2516/ide/plugins/com.nxp.mcuxpresso.tools.win32_11.0.0.201905131304/tools/bin/../lib/gcc/arm-none-eabi/8.2.1/thumb/v7e-m+fp/hard\libcr_eabihelpers.a(division_64.o)
                0x00009546                __aeabi_uldivmod
                0x0000954a                __bhs_ldivmod1
 .text.__aeabi_division_idiv0
                0x000096ba        0x2 d:/nxp/mcuxpressoide_11.0.0_2516/ide/plugins/com.nxp.mcuxpresso.tools.win32_11.0.0.201905131304/tools/bin/../lib/gcc/arm-none-eabi/8.2.1/thumb/v7e-m+fp/hard\libcr_eabihelpers.a(division_idiv0.o)
                0x000096ba                __aeabi_idiv0
 .text.__aeabi_d2iz
                0x000096bc       0x40 d:/nxp/mcuxpressoide_11.0.0_2516/ide/plugins/com.nxp.mcuxpresso.tools.win32_11.0.0.201905131304/tools/bin/../lib/gcc/arm-none-eabi/8.2.1/thumb/v7e-m+fp/hard\libcr_eabihelpers.a(double.o)
                0x000096bc                __aeabi_d2iz
 .text.__aeabi_d2lz
                0x000096fc       0x6e d:/nxp/mcuxpressoide_11.0.0_2516/ide/plugins/com.nxp.mcuxpresso.tools.win32_11.0.0.201905131304/tools/bin/../lib/gcc/arm-none-eabi/8.2.1/thumb/v7e-m+fp/hard\libcr_eabihelpers.a(double.o)
                0x000096fc                __aeabi_d2lz
 .text.__bhs_ui2d
                0x0000976a       0x46 d:/nxp/mcuxpressoide_11.0.0_2516/ide/plugins/com.nxp.mcuxpresso.tools.win32_11.0.0.201905131304/tools/bin/../lib/gcc/arm-none-eabi/8.2.1/thumb/v7e-m+fp/hard\libcr_eabihelpers.a(double.o)
                0x0000976a                __bhs_ui2d
 .text.__bhs_ul2d
                0x000097b0       0x8a d:/nxp/mcuxpressoide_11.0.0_2516/ide/plugins/com.nxp.mcuxpresso.tools.win32_11.0.0.201905131304/tools/bin/../lib/gcc/arm-none-eabi/8.2.1/thumb/v7e-m+fp/hard\libcr_eabihelpers.a(double.o)
                0x000097b0                __bhs_ul2d
 .text.__aeabi_i2d
                0x0000983a       0x12 d:/nxp/mcuxpressoide_11.0.0_2516/ide/plugins/com.nxp.mcuxpresso.tools.win32_11.0.0.201905131304/tools/bin/../lib/gcc/arm-none-eabi/8.2.1/thumb/v7e-m+fp/hard\libcr_eabihelpers.a(double.o)
                0x0000983a                __aeabi_i2d
 .text.__aeabi_ui2d
                0x0000984c        0x8 d:/nxp/mcuxpressoide_11.0.0_2516/ide/plugins/com.nxp.mcuxpresso.tools.win32_11.0.0.201905131304/tools/bin/../lib/gcc/arm-none-eabi/8.2.1/thumb/v7e-m+fp/hard\libcr_eabihelpers.a(double.o)
                0x0000984c                __aeabi_ui2d
 .text.__aeabi_l2d
                0x00009854       0x1a d:/nxp/mcuxpressoide_11.0.0_2516/ide/plugins/com.nxp.mcuxpresso.tools.win32_11.0.0.201905131304/tools/bin/../lib/gcc/arm-none-eabi/8.2.1/thumb/v7e-m+fp/hard\libcr_eabihelpers.a(double.o)
                0x00009854                __aeabi_l2d
 .text.__aeabi_dcmpeq
                0x0000986e       0x2e d:/nxp/mcuxpressoide_11.0.0_2516/ide/plugins/com.nxp.mcuxpresso.tools.win32_11.0.0.201905131304/tools/bin/../lib/gcc/arm-none-eabi/8.2.1/thumb/v7e-m+fp/hard\libcr_eabihelpers.a(double.o)
                0x0000986e                __aeabi_dcmpeq
 .text.__aeabi_dcmplt
                0x0000989c       0x56 d:/nxp/mcuxpressoide_11.0.0_2516/ide/plugins/com.nxp.mcuxpresso.tools.win32_11.0.0.201905131304/tools/bin/../lib/gcc/arm-none-eabi/8.2.1/thumb/v7e-m+fp/hard\libcr_eabihelpers.a(double.o)
                0x0000989c                __aeabi_dcmplt
 .text.__aeabi_dcmpgt
                0x000098f2       0x56 d:/nxp/mcuxpressoide_11.0.0_2516/ide/plugins/com.nxp.mcuxpresso.tools.win32_11.0.0.201905131304/tools/bin/../lib/gcc/arm-none-eabi/8.2.1/thumb/v7e-m+fp/hard\libcr_eabihelpers.a(double.o)
                0x000098f2                __aeabi_dcmpgt
 .text.__aeabi_dcmple
                0x00009948       0x56 d:/nxp/mcuxpressoide_11.0.0_2516/ide/plugins/com.nxp.mcuxpresso.tools.win32_11.0.0.201905131304/tools/bin/../lib/gcc/arm-none-eabi/8.2.1/thumb/v7e-m+fp/hard\libcr_eabihelpers.a(double.o)
                0x00009948                __aeabi_dcmple
 .text.__aeabi_dcmpge
                0x0000999e       0x5c d:/nxp/mcuxpressoide_11.0.0_2516/ide/plugins/com.nxp.mcuxpresso.tools.win32_11.0.0.201905131304/tools/bin/../lib/gcc/arm-none-eabi/8.2.1/thumb/v7e-m+fp/hard\libcr_eabihelpers.a(double.o)
                0x0000999e                __aeabi_dcmpge
 .text.__aeabi_memcpy
                0x000099fa       0x34 d:/nxp/mcuxpressoide_11.0.0_2516/ide/plugins/com.nxp.mcuxpresso.tools.win32_11.0.0.201905131304/tools/bin/../lib/gcc/arm-none-eabi/8.2.1/thumb/v7e-m+fp/hard\libcr_eabihelpers.a(memcpy.o)
                0x000099fa                __aeabi_memcpy
                0x00009a04                __aeabi_memcpy8
                0x00009a04                __aeabi_memcpy4
 .text.__aeabi_memset_lowlevel
                0x00009a2e       0x32 d:/nxp/mcuxpressoide_11.0.0_2516/ide/plugins/com.nxp.mcuxpresso.tools.win32_11.0.0.201905131304/tools/bin/../lib/gcc/arm-none-eabi/8.2.1/thumb/v7e-m+fp/hard\libcr_eabihelpers.a(memcpy.o)
                0x00009a2e                __aeabi_lowlevel_memset
 .text.__sys_close
                0x00009a60        0x6 d:/nxp/mcuxpressoide_11.0.0_2516/ide/plugins/com.nxp.mcuxpresso.tools.win32_11.0.0.201905131304/tools/bin/../lib/gcc/arm-none-eabi/8.2.1/../../../../arm-none-eabi/lib/thumb/v7e-m+fp/hard\libcr_nohost_nf.a(__sys_close.o)
                0x00009a60                __sys_close
 .text.__sys_flen
                0x00009a66        0x6 d:/nxp/mcuxpressoide_11.0.0_2516/ide/plugins/com.nxp.mcuxpresso.tools.win32_11.0.0.201905131304/tools/bin/../lib/gcc/arm-none-eabi/8.2.1/../../../../arm-none-eabi/lib/thumb/v7e-m+fp/hard\libcr_nohost_nf.a(__sys_flen.o)
                0x00009a66                __sys_flen
 .text.__sys_istty
                0x00009a6c        0x6 d:/nxp/mcuxpressoide_11.0.0_2516/ide/plugins/com.nxp.mcuxpresso.tools.win32_11.0.0.201905131304/tools/bin/../lib/gcc/arm-none-eabi/8.2.1/../../../../arm-none-eabi/lib/thumb/v7e-m+fp/hard\libcr_nohost_nf.a(__sys_istty.o)
                0x00009a6c                __sys_istty
 .text.__sys_remove
                0x00009a72        0x6 d:/nxp/mcuxpressoide_11.0.0_2516/ide/plugins/com.nxp.mcuxpresso.tools.win32_11.0.0.201905131304/tools/bin/../lib/gcc/arm-none-eabi/8.2.1/../../../../arm-none-eabi/lib/thumb/v7e-m+fp/hard\libcr_nohost_nf.a(__sys_remove.o)
                0x00009a72                __sys_remove
 .text.__sys_seek
                0x00009a78        0x6 d:/nxp/mcuxpressoide_11.0.0_2516/ide/plugins/com.nxp.mcuxpresso.tools.win32_11.0.0.201905131304/tools/bin/../lib/gcc/arm-none-eabi/8.2.1/../../../../arm-none-eabi/lib/thumb/v7e-m+fp/hard\libcr_nohost_nf.a(__sys_seek.o)
                0x00009a78                __sys_seek
 .text.__sys_tmpnam
                0x00009a7e        0x6 d:/nxp/mcuxpressoide_11.0.0_2516/ide/plugins/com.nxp.mcuxpresso.tools.win32_11.0.0.201905131304/tools/bin/../lib/gcc/arm-none-eabi/8.2.1/../../../../arm-none-eabi/lib/thumb/v7e-m+fp/hard\libcr_nohost_nf.a(__sys_tmpnam.o)
                0x00009a7e                __sys_tmpnam
 .text.__sys_write
                0x00009a84        0x4 d:/nxp/mcuxpressoide_11.0.0_2516/ide/plugins/com.nxp.mcuxpresso.tools.win32_11.0.0.201905131304/tools/bin/../lib/gcc/arm-none-eabi/8.2.1/../../../../arm-none-eabi/lib/thumb/v7e-m+fp/hard\libcr_nohost_nf.a(__sys_write.o)
                0x00009a84                __sys_write
 *(SORT_BY_ALIGNMENT(.rodata) SORT_BY_ALIGNMENT(.rodata.*) SORT_BY_ALIGNMENT(.constdata) SORT_BY_ALIGNMENT(.constdata.*))
 .rodata.a1.5286
                0x00009a88       0x88 d:/nxp/mcuxpressoide_11.0.0_2516/ide/plugins/com.nxp.mcuxpresso.tools.win32_11.0.0.201905131304/tools/bin/../lib/gcc/arm-none-eabi/8.2.1/../../../../arm-none-eabi/lib/thumb/v7e-m+fp/hard\libcr_c.a(pow.o)
 .rodata.a2.5287
                0x00009b10       0x40 d:/nxp/mcuxpressoide_11.0.0_2516/ide/plugins/com.nxp.mcuxpresso.tools.win32_11.0.0.201905131304/tools/bin/../lib/gcc/arm-none-eabi/8.2.1/../../../../arm-none-eabi/lib/thumb/v7e-m+fp/hard\libcr_c.a(pow.o)
 .rodata        0x00009b50      0x21f ./utilities/fsl_debug_console.o
 *fill*         0x00009d6f        0x1 ff
 .rodata        0x00009d70        0xd ./source/LPC54608J512_hdc2010.o
 *fill*         0x00009d7d        0x3 ff
 .rodata        0x00009d80       0x65 ./source/hdc2010.o
 *fill*         0x00009de5        0x3 ff
 .rodata.__func__.9104
                0x00009de8       0x11 ./source/hdc2010.o
 *fill*         0x00009df9        0x3 ff
 .rodata.__func__.9113
                0x00009dfc       0x15 ./source/hdc2010.o
 *fill*         0x00009e11        0x3 ff
 .rodata.__func__.9138
                0x00009e14       0x13 ./source/hdc2010.o
 *fill*         0x00009e27        0x1 ff
 .rodata.__func__.9147
                0x00009e28       0x14 ./source/hdc2010.o
 .rodata.__func__.9156
                0x00009e3c       0x18 ./source/hdc2010.o
 .rodata.__func__.9165
                0x00009e54       0x17 ./source/hdc2010.o
 *fill*         0x00009e6b        0x1 ff
 .rodata.__func__.9206
                0x00009e6c       0x13 ./source/hdc2010.o
 *fill*         0x00009e7f        0x1 ff
 .rodata.__func__.9220
                0x00009e80       0x14 ./source/hdc2010.o
 .rodata.__func__.9234
                0x00009e94       0x1b ./source/hdc2010.o
 *fill*         0x00009eaf        0x1 ff
 .rodata.__func__.9242
                0x00009eb0       0x1b ./source/hdc2010.o
 *fill*         0x00009ecb        0x1 ff
 .rodata.__func__.9249
                0x00009ecc        0xe ./source/hdc2010.o
 *fill*         0x00009eda        0x2 ff
 .rodata.__func__.9256
                0x00009edc       0x18 ./source/hdc2010.o
 .rodata.__func__.9272
                0x00009ef4       0x10 ./source/hdc2010.o
 .rodata.__func__.9281
                0x00009f04       0x1d ./source/hdc2010.o
 *fill*         0x00009f21        0x3 ff
 .rodata.__func__.9294
                0x00009f24       0x19 ./source/hdc2010.o
 *fill*         0x00009f3d        0x3 ff
 .rodata.__func__.9358
                0x00009f40       0x1c ./source/hdc2010.o
 .rodata        0x00009f5c      0x109 ./source/hdc2010_test.o
 *fill*         0x0000a065        0x3 ff
 .rodata.__func__.9421
                0x0000a068        0xc ./source/hdc2010_test.o
 .rodata.wdtFreqLookup
                0x0000a074       0x20 ./drivers/fsl_clock.o
 .rodata.s_flexcommBaseAddrs
                0x0000a094       0x28 ./drivers/fsl_flexcomm.o
 .rodata.s_flexcommClocks
                0x0000a0bc       0x14 ./drivers/fsl_flexcomm.o
 .rodata.s_flexcommResets
                0x0000a0d0       0x28 ./drivers/fsl_flexcomm.o
 .rodata        0x0000a0f8      0x258 ./drivers/fsl_flexcomm.o
 .rodata.s_i2cBaseAddrs
                0x0000a350       0x28 ./drivers/fsl_i2c.o
 .rodata.s_i2cIRQ
                0x0000a378        0xa ./drivers/fsl_i2c.o
 *fill*         0x0000a382        0x2 ff
 .rodata        0x0000a384      0x1f3 ./drivers/fsl_i2c.o
 *fill*         0x0000a577        0x1 ff
 .rodata.s_pintIRQ
                0x0000a578        0x8 ./drivers/fsl_pint.o
 .rodata        0x0000a580      0x161 ./drivers/fsl_pint.o
 *fill*         0x0000a6e1        0x3 ff
 .rodata        0x0000a6e4       0x55 ./drivers/fsl_reset.o
 *fill*         0x0000a739        0x3 ff
 .rodata        0x0000a73c      0x5d0 ./drivers/fsl_usart.o
 .rodata.s_UsartAdapterBase
                0x0000ad0c       0x28 ./component/uart/usart_adapter.o
 .rodata        0x0000ad34      0x26f ./component/uart/usart_adapter.o
 *fill*         0x0000afa3        0x1 ff
 .rodata        0x0000afa4      0x525 ./component/serial_manager/serial_manager.o
 *fill*         0x0000b4c9        0x3 ff
 .rodata        0x0000b4cc      0x244 ./component/serial_manager/serial_port_uart.o
 .rodata        0x0000b710       0x62 ./board/boards/board.o
 *fill*         0x0000b772        0x2 ff
 .rodata        0x0000b774        0x5 ./amazon-freertos/freertos/tasks.o
 *fill*         0x0000b779        0x3 ff
 .rodata        0x0000b77c        0xd ./amazon-freertos/freertos/timers.o
 *fill*         0x0000b789        0x3 ff
 .rodata.__num_Ciob_streams
                0x0000b78c        0x4 d:/nxp/mcuxpressoide_11.0.0_2516/ide/plugins/com.nxp.mcuxpresso.tools.win32_11.0.0.201905131304/tools/bin/../lib/gcc/arm-none-eabi/8.2.1/../../../../arm-none-eabi/lib/thumb/v7e-m+fp/hard\libcr_nohost_nf.a(__ciob.o)
                0x0000b78c                __num_Ciob_streams
 .rodata.__assertion_failed.str1.1
                0x0000b790       0x15 d:/nxp/mcuxpressoide_11.0.0_2516/ide/plugins/com.nxp.mcuxpresso.tools.win32_11.0.0.201905131304/tools/bin/../lib/gcc/arm-none-eabi/8.2.1/../../../../arm-none-eabi/lib/thumb/v7e-m+fp/hard\libcr_nohost_nf.a(_cr_assert.o)
 .rodata._Csys_alloc.str1.1
                0x0000b7a5       0x18 d:/nxp/mcuxpressoide_11.0.0_2516/ide/plugins/com.nxp.mcuxpresso.tools.win32_11.0.0.201905131304/tools/bin/../lib/gcc/arm-none-eabi/8.2.1/../../../../arm-none-eabi/lib/thumb/v7e-m+fp/hard\libcr_c.a(alloc.o)
 .rodata._initio.str1.1
                0x0000b7bd        0x4 d:/nxp/mcuxpressoide_11.0.0_2516/ide/plugins/com.nxp.mcuxpresso.tools.win32_11.0.0.201905131304/tools/bin/../lib/gcc/arm-none-eabi/8.2.1/../../../../arm-none-eabi/lib/thumb/v7e-m+fp/hard\libcr_c.a(initio.o)
                0x0000b7c4                . = ALIGN (0x4)
 *fill*         0x0000b7c1        0x3 ff

.glue_7         0x0000b7c4        0x0
 .glue_7        0x0000b7c4        0x0 linker stubs

.glue_7t        0x0000b7c4        0x0
 .glue_7t       0x0000b7c4        0x0 linker stubs

.vfp11_veneer   0x0000b7c4        0x0
 .vfp11_veneer  0x0000b7c4        0x0 linker stubs

.v4_bx          0x0000b7c4        0x0
 .v4_bx         0x0000b7c4        0x0 linker stubs

.iplt           0x0000b7c4        0x0
 .iplt          0x0000b7c4        0x0 ./utilities/fsl_debug_console.o

.rel.dyn        0x0000b7c4        0x0
 .rel.iplt      0x0000b7c4        0x0 ./utilities/fsl_debug_console.o

.ARM.extab
 *(SORT_BY_ALIGNMENT(.ARM.extab*) SORT_BY_ALIGNMENT(.gnu.linkonce.armextab.*))
                0x0000b7c4                __exidx_start = .

.ARM.exidx
 *(SORT_BY_ALIGNMENT(.ARM.exidx*) SORT_BY_ALIGNMENT(.gnu.linkonce.armexidx.*))
                0x0000b7c4                __exidx_end = .
                0x0000b7c4                _etext = .

.m_usb_data
 *(SORT_BY_ALIGNMENT(m_usb_global))

.data_RAM2      0x04000000        0x0 load address 0x0000b7c4
 FILL mask 0xff
                [!provide]                PROVIDE (__start_data_RAM2 = .)
 *(SORT_BY_ALIGNMENT(.ramfunc.$RAM2))
 *(SORT_BY_ALIGNMENT(.ramfunc.$SRAMX))
 *(SORT_BY_ALIGNMENT(.data.$RAM2))
 *(SORT_BY_ALIGNMENT(.data.$SRAMX))
 *(SORT_BY_ALIGNMENT(.data.$RAM2.*))
 *(SORT_BY_ALIGNMENT(.data.$SRAMX.*))
                0x04000000                . = ALIGN (0x4)
                [!provide]                PROVIDE (__end_data_RAM2 = .)

.data_RAM3      0x40100000        0x0 load address 0x0000b7c4
 FILL mask 0xff
                [!provide]                PROVIDE (__start_data_RAM3 = .)
 *(SORT_BY_ALIGNMENT(.ramfunc.$RAM3))
 *(SORT_BY_ALIGNMENT(.ramfunc.$USB_RAM))
 *(SORT_BY_ALIGNMENT(.data.$RAM3))
 *(SORT_BY_ALIGNMENT(.data.$USB_RAM))
 *(SORT_BY_ALIGNMENT(.data.$RAM3.*))
 *(SORT_BY_ALIGNMENT(.data.$USB_RAM.*))
                0x40100000                . = ALIGN (0x4)
                [!provide]                PROVIDE (__end_data_RAM3 = .)

.uninit_RESERVED
                0x20000000        0x0
                0x20000000                . = ALIGN (0x4)
 *(SORT_BY_ALIGNMENT(.bss.$RESERVED*))
                0x20000000                . = ALIGN (0x4)
                0x20000000                _end_uninit_RESERVED = .

.data           0x20000000        0x8 load address 0x0000b7c4
 FILL mask 0xff
                0x20000000                _data = .
 *(SORT_BY_ALIGNMENT(vtable))
 *(SORT_BY_ALIGNMENT(.ramfunc*))
 *(SORT_BY_ALIGNMENT(.data*))
 .data.SystemCoreClock
                0x20000000        0x4 ./device/system_LPC54608.o
                0x20000000                SystemCoreClock
 .data.uxCriticalNesting
                0x20000004        0x4 ./amazon-freertos/freertos/portable/port.o
                0x20000008                . = ALIGN (0x4)
                0x20000008                _edata = .

.igot.plt       0x20000008        0x0 load address 0x0000b7cc
 .igot.plt      0x20000008        0x0 ./utilities/fsl_debug_console.o

.bss_RAM2       0x04000000        0x0
                0x04000000                . = ALIGN (0x4)
                [!provide]                PROVIDE (__start_bss_RAM2 = .)
 *(SORT_BY_ALIGNMENT(.bss.$RAM2))
 *(SORT_BY_ALIGNMENT(.bss.$SRAMX))
 *(SORT_BY_ALIGNMENT(.bss.$RAM2.*))
 *(SORT_BY_ALIGNMENT(.bss.$SRAMX.*))
                0x04000000                . = ALIGN ((. != 0x0)?0x4:0x1)
                [!provide]                PROVIDE (__end_bss_RAM2 = .)

.bss_RAM3       0x40100000        0x0
                0x40100000                . = ALIGN (0x4)
                [!provide]                PROVIDE (__start_bss_RAM3 = .)
 *(SORT_BY_ALIGNMENT(.bss.$RAM3))
 *(SORT_BY_ALIGNMENT(.bss.$USB_RAM))
 *(SORT_BY_ALIGNMENT(.bss.$RAM3.*))
 *(SORT_BY_ALIGNMENT(.bss.$USB_RAM.*))
                0x40100000                . = ALIGN ((. != 0x0)?0x4:0x1)
                [!provide]                PROVIDE (__end_bss_RAM3 = .)

.bss            0x20000008     0x2b0c
                0x20000008                . = ALIGN (0x4)
                0x20000008                _bss = .
 *(SORT_BY_ALIGNMENT(.bss*))
 .bss.s_debugConsoleState
                0x20000008       0x1c ./utilities/fsl_debug_console.o
 .bss.g_serialHandle
                0x20000024        0x4 ./utilities/fsl_debug_console.o
                0x20000024                g_serialHandle
 .bss.i.8361    0x20000028        0x4 ./source/LPC54608J512_hdc2010.o
 .bss._addr     0x2000002c        0x4 ./source/hdc2010.o
 .bss.g_m_handle
                0x20000030        0x4 ./source/hdc2010_test.o
                0x20000030                g_m_handle
 .bss.hdc2010_int_sem
                0x20000034        0x4 ./source/hdc2010_test.o
                0x20000034                hdc2010_int_sem
 .bss.s_Pll_Freq
                0x20000038        0x4 ./drivers/fsl_clock.o
 .bss.s_Usb_Pll_Freq
                0x2000003c        0x4 ./drivers/fsl_clock.o
 .bss.s_Audio_Pll_Freq
                0x20000040        0x4 ./drivers/fsl_clock.o
 .bss.s_flexcommIrqHandler
                0x20000044       0x28 ./drivers/fsl_flexcomm.o
 .bss.s_flexcommHandle
                0x2000006c       0x28 ./drivers/fsl_flexcomm.o
 .bss.s_pintCallback
                0x20000094       0x20 ./drivers/fsl_pint.o
 .bss.ucHeap    0x200000b4     0x2800 ./amazon-freertos/freertos/portable/heap_4.o
 .bss.xStart    0x200028b4        0x8 ./amazon-freertos/freertos/portable/heap_4.o
 .bss.pxEnd     0x200028bc        0x4 ./amazon-freertos/freertos/portable/heap_4.o
 .bss.xFreeBytesRemaining
                0x200028c0        0x4 ./amazon-freertos/freertos/portable/heap_4.o
 .bss.xMinimumEverFreeBytesRemaining
                0x200028c4        0x4 ./amazon-freertos/freertos/portable/heap_4.o
 .bss.xBlockAllocatedBit
                0x200028c8        0x4 ./amazon-freertos/freertos/portable/heap_4.o
 .bss.ulMaxPRIGROUPValue
                0x200028cc        0x4 ./amazon-freertos/freertos/portable/port.o
 .bss.xQueueRegistry
                0x200028d0       0x40 ./amazon-freertos/freertos/queue.o
                0x200028d0                xQueueRegistry
 .bss.pxCurrentTCB
                0x20002910        0x4 ./amazon-freertos/freertos/tasks.o
                0x20002910                pxCurrentTCB
 .bss.pxReadyTasksLists
                0x20002914       0x64 ./amazon-freertos/freertos/tasks.o
 .bss.xDelayedTaskList1
                0x20002978       0x14 ./amazon-freertos/freertos/tasks.o
 .bss.xDelayedTaskList2
                0x2000298c       0x14 ./amazon-freertos/freertos/tasks.o
 .bss.pxDelayedTaskList
                0x200029a0        0x4 ./amazon-freertos/freertos/tasks.o
 .bss.pxOverflowDelayedTaskList
                0x200029a4        0x4 ./amazon-freertos/freertos/tasks.o
 .bss.xPendingReadyList
                0x200029a8       0x14 ./amazon-freertos/freertos/tasks.o
 .bss.xTasksWaitingTermination
                0x200029bc       0x14 ./amazon-freertos/freertos/tasks.o
 .bss.uxDeletedTasksWaitingCleanUp
                0x200029d0        0x4 ./amazon-freertos/freertos/tasks.o
 .bss.xSuspendedTaskList
                0x200029d4       0x14 ./amazon-freertos/freertos/tasks.o
 .bss.uxCurrentNumberOfTasks
                0x200029e8        0x4 ./amazon-freertos/freertos/tasks.o
 .bss.xTickCount
                0x200029ec        0x4 ./amazon-freertos/freertos/tasks.o
 .bss.uxTopReadyPriority
                0x200029f0        0x4 ./amazon-freertos/freertos/tasks.o
 .bss.xSchedulerRunning
                0x200029f4        0x4 ./amazon-freertos/freertos/tasks.o
 .bss.uxPendedTicks
                0x200029f8        0x4 ./amazon-freertos/freertos/tasks.o
 .bss.xYieldPending
                0x200029fc        0x4 ./amazon-freertos/freertos/tasks.o
 .bss.xNumOfOverflows
                0x20002a00        0x4 ./amazon-freertos/freertos/tasks.o
 .bss.uxTaskNumber
                0x20002a04        0x4 ./amazon-freertos/freertos/tasks.o
 .bss.xNextTaskUnblockTime
                0x20002a08        0x4 ./amazon-freertos/freertos/tasks.o
 .bss.xIdleTaskHandle
                0x20002a0c        0x4 ./amazon-freertos/freertos/tasks.o
 .bss.uxSchedulerSuspended
                0x20002a10        0x4 ./amazon-freertos/freertos/tasks.o
 .bss.xActiveTimerList1
                0x20002a14       0x14 ./amazon-freertos/freertos/timers.o
 .bss.xActiveTimerList2
                0x20002a28       0x14 ./amazon-freertos/freertos/timers.o
 .bss.pxCurrentTimerList
                0x20002a3c        0x4 ./amazon-freertos/freertos/timers.o
 .bss.pxOverflowTimerList
                0x20002a40        0x4 ./amazon-freertos/freertos/timers.o
 .bss.xTimerQueue
                0x20002a44        0x4 ./amazon-freertos/freertos/timers.o
 .bss.xTimerTaskHandle
                0x20002a48        0x4 ./amazon-freertos/freertos/timers.o
 .bss.xLastTime.5940
                0x20002a4c        0x4 ./amazon-freertos/freertos/timers.o
 .bss.__Ciob    0x20002a50       0xb4 d:/nxp/mcuxpressoide_11.0.0_2516/ide/plugins/com.nxp.mcuxpresso.tools.win32_11.0.0.201905131304/tools/bin/../lib/gcc/arm-none-eabi/8.2.1/../../../../arm-none-eabi/lib/thumb/v7e-m+fp/hard\libcr_nohost_nf.a(__ciob.o)
                0x20002a50                __Ciob
 .bss.__end_of_heap
                0x20002b04        0x4 d:/nxp/mcuxpressoide_11.0.0_2516/ide/plugins/com.nxp.mcuxpresso.tools.win32_11.0.0.201905131304/tools/bin/../lib/gcc/arm-none-eabi/8.2.1/../../../../arm-none-eabi/lib/thumb/v7e-m+fp/hard\libcr_c.a(__init_alloc.o)
                0x20002b04                __end_of_heap
 .bss.__heaps   0x20002b08        0x4 d:/nxp/mcuxpressoide_11.0.0_2516/ide/plugins/com.nxp.mcuxpresso.tools.win32_11.0.0.201905131304/tools/bin/../lib/gcc/arm-none-eabi/8.2.1/../../../../arm-none-eabi/lib/thumb/v7e-m+fp/hard\libcr_c.a(__init_alloc.o)
                0x20002b08                __heaps
 .bss.errno     0x20002b0c        0x4 d:/nxp/mcuxpressoide_11.0.0_2516/ide/plugins/com.nxp.mcuxpresso.tools.win32_11.0.0.201905131304/tools/bin/../lib/gcc/arm-none-eabi/8.2.1/../../../../arm-none-eabi/lib/thumb/v7e-m+fp/hard\libcr_c.a(errno.o)
                0x20002b0c                errno
 .bss.ucMaxSysCallPriority
                0x20002b10        0x1 ./amazon-freertos/freertos/portable/port.o
 *(SORT_BY_ALIGNMENT(COMMON))
                0x20002b14                . = ALIGN (0x4)
 *fill*         0x20002b11        0x3 
                0x20002b14                _ebss = .
                [!provide]                PROVIDE (end = .)

.noinit_RAM2    0x04000000        0x0
                0x04000000                . = ALIGN (0x4)
 *(SORT_BY_ALIGNMENT(.noinit.$RAM2))
 *(SORT_BY_ALIGNMENT(.noinit.$SRAMX))
 *(SORT_BY_ALIGNMENT(.noinit.$RAM2.*))
 *(SORT_BY_ALIGNMENT(.noinit.$SRAMX.*))
                0x04000000                . = ALIGN (0x4)

.noinit_RAM3    0x40100000        0x0
                0x40100000                . = ALIGN (0x4)
 *(SORT_BY_ALIGNMENT(.noinit.$RAM3))
 *(SORT_BY_ALIGNMENT(.noinit.$USB_RAM))
 *(SORT_BY_ALIGNMENT(.noinit.$RAM3.*))
 *(SORT_BY_ALIGNMENT(.noinit.$USB_RAM.*))
                0x40100000                . = ALIGN (0x4)

.noinit         0x20002b14        0x0
                0x20002b14                . = ALIGN (0x4)
                0x20002b14                _noinit = .
 *(SORT_BY_ALIGNMENT(.noinit*))
                0x20002b14                . = ALIGN (0x4)
                0x20002b14                _end_noinit = .
                0x00001000                _HeapSize = 0x1000

.heap           0x20002b14     0x1000
                0x20002b14                _pvHeapStart = .
                0x20003b14                . = (. + _HeapSize)
 *fill*         0x20002b14     0x1000 
                0x20003b14                . = ALIGN (0x4)
                0x20003b14                _pvHeapLimit = .
                0x00001000                _StackSize = 0x1000

.heap2stackfill
                0x20003b14     0x1000
                0x20004b14                . = (. + _StackSize)
 *fill*         0x20003b14     0x1000 

.stack          0x20027000        0x0
                0x20027000                _vStackBase = .
                0x20027000                . = ALIGN (0x4)
                0x20028000                _vStackTop = (. + _StackSize)
                0xdffcf63a                PROVIDE (__valid_user_code_checksum = (0x0 - ((((((_vStackTop + (ResetISR + 0x1)) + (NMI_Handler + 0x1)) + (HardFault_Handler + 0x1)) + (DEFINED (MemManage_Handler)?MemManage_Handler:0x0 + 0x1)) + (DEFINED (BusFault_Handler)?BusFault_Handler:0x0 + 0x1)) + (DEFINED (UsageFault_Handler)?UsageFault_Handler:0x0 + 0x1))))
                0x00000000                _image_start = LOADADDR (.text)
                0x0000b7cc                _image_end = (LOADADDR (.data) + SIZEOF (.data))
                0x0000b7cc                _image_size = (_image_end - _image_start)
OUTPUT(LPC54608J512_hdc2010.axf elf32-littlearm)

.debug_info     0x00000000    0x1e003
 .debug_info    0x00000000      0xae8 ./utilities/fsl_debug_console.o
 .debug_info    0x00000ae8      0x674 ./utilities/fsl_str.o
 .debug_info    0x0000115c      0x6f2 ./startup/startup_lpc54608.o
 .debug_info    0x0000184e      0x609 ./source/LPC54608J512_hdc2010.o
 .debug_info    0x00001e57     0x18fb ./source/hdc2010.o
 .debug_info    0x00003752     0x1690 ./source/hdc2010_test.o
 .debug_info    0x00004de2       0x3c ./source/semihost_hardfault.o
 .debug_info    0x00004e1e      0x729 ./drivers/freertos/fsl_i2c_freertos.o
 .debug_info    0x00005547     0x33d4 ./drivers/fsl_clock.o
 .debug_info    0x0000891b     0x1a11 ./drivers/fsl_flexcomm.o
 .debug_info    0x0000a32c     0x1fc9 ./drivers/fsl_i2c.o
 .debug_info    0x0000c2f5     0x1520 ./drivers/fsl_inputmux.o
 .debug_info    0x0000d815     0x217a ./drivers/fsl_pint.o
 .debug_info    0x0000f98f      0xde5 ./drivers/fsl_reset.o
 .debug_info    0x00010774     0x1646 ./drivers/fsl_usart.o
 .debug_info    0x00011dba      0xf15 ./device/system_LPC54608.o
 .debug_info    0x00012ccf      0xda4 ./component/uart/usart_adapter.o
 .debug_info    0x00013a73      0x74f ./component/serial_manager/serial_manager.o
 .debug_info    0x000141c2      0x4ed ./component/serial_manager/serial_port_uart.o
 .debug_info    0x000146af      0xfc7 ./board/boards/board.o
 .debug_info    0x00015676     0x10e6 ./board/boards/clock_config.o
 .debug_info    0x0001675c       0x4e ./board/boards/peripherals.o
 .debug_info    0x000167aa      0xfb4 ./board/boards/pin_mux.o
 .debug_info    0x0001775e      0x418 ./amazon-freertos/freertos/portable/heap_4.o
 .debug_info    0x00017b76      0x560 ./amazon-freertos/freertos/portable/port.o
 .debug_info    0x000180d6      0x2f6 ./amazon-freertos/freertos/list.o
 .debug_info    0x000183cc     0x1857 ./amazon-freertos/freertos/queue.o
 .debug_info    0x00019c23     0x215d ./amazon-freertos/freertos/tasks.o
 .debug_info    0x0001bd80      0xeee ./amazon-freertos/freertos/timers.o
 .debug_info    0x0001cc6e     0x1395 D:\temp\mcuxpresso\LPC54608J512_hdc2010\libs\libpower_hardabi.a(fsl_power_lib.o)

.debug_abbrev   0x00000000     0x3f43
 .debug_abbrev  0x00000000      0x20d ./utilities/fsl_debug_console.o
 .debug_abbrev  0x0000020d      0x1cf ./utilities/fsl_str.o
 .debug_abbrev  0x000003dc      0x15e ./startup/startup_lpc54608.o
 .debug_abbrev  0x0000053a      0x116 ./source/LPC54608J512_hdc2010.o
 .debug_abbrev  0x00000650      0x256 ./source/hdc2010.o
 .debug_abbrev  0x000008a6      0x2b4 ./source/hdc2010_test.o
 .debug_abbrev  0x00000b5a       0x31 ./source/semihost_hardfault.o
 .debug_abbrev  0x00000b8b      0x1c3 ./drivers/freertos/fsl_i2c_freertos.o
 .debug_abbrev  0x00000d4e      0x37b ./drivers/fsl_clock.o
 .debug_abbrev  0x000010c9      0x2e0 ./drivers/fsl_flexcomm.o
 .debug_abbrev  0x000013a9      0x374 ./drivers/fsl_i2c.o
 .debug_abbrev  0x0000171d      0x20b ./drivers/fsl_inputmux.o
 .debug_abbrev  0x00001928      0x2fb ./drivers/fsl_pint.o
 .debug_abbrev  0x00001c23      0x188 ./drivers/fsl_reset.o
 .debug_abbrev  0x00001dab      0x382 ./drivers/fsl_usart.o
 .debug_abbrev  0x0000212d      0x218 ./device/system_LPC54608.o
 .debug_abbrev  0x00002345      0x20a ./component/uart/usart_adapter.o
 .debug_abbrev  0x0000254f      0x17d ./component/serial_manager/serial_manager.o
 .debug_abbrev  0x000026cc      0x160 ./component/serial_manager/serial_port_uart.o
 .debug_abbrev  0x0000282c      0x1b9 ./board/boards/board.o
 .debug_abbrev  0x000029e5      0x1c9 ./board/boards/clock_config.o
 .debug_abbrev  0x00002bae       0x4b ./board/boards/peripherals.o
 .debug_abbrev  0x00002bf9      0x1f2 ./board/boards/pin_mux.o
 .debug_abbrev  0x00002deb      0x212 ./amazon-freertos/freertos/portable/heap_4.o
 .debug_abbrev  0x00002ffd      0x262 ./amazon-freertos/freertos/portable/port.o
 .debug_abbrev  0x0000325f      0x12d ./amazon-freertos/freertos/list.o
 .debug_abbrev  0x0000338c      0x2d9 ./amazon-freertos/freertos/queue.o
 .debug_abbrev  0x00003665      0x30b ./amazon-freertos/freertos/tasks.o
 .debug_abbrev  0x00003970      0x28f ./amazon-freertos/freertos/timers.o
 .debug_abbrev  0x00003bff      0x344 D:\temp\mcuxpresso\LPC54608J512_hdc2010\libs\libpower_hardabi.a(fsl_power_lib.o)

.debug_aranges  0x00000000     0x1450
 .debug_aranges
                0x00000000       0x80 ./utilities/fsl_debug_console.o
 .debug_aranges
                0x00000080       0x40 ./utilities/fsl_str.o
 .debug_aranges
                0x000000c0      0x248 ./startup/startup_lpc54608.o
 .debug_aranges
                0x00000308       0x20 ./source/LPC54608J512_hdc2010.o
 .debug_aranges
                0x00000328      0x118 ./source/hdc2010.o
 .debug_aranges
                0x00000440       0x48 ./source/hdc2010_test.o
 .debug_aranges
                0x00000488       0x20 ./source/semihost_hardfault.o
 .debug_aranges
                0x000004a8       0x38 ./drivers/freertos/fsl_i2c_freertos.o
 .debug_aranges
                0x000004e0      0x2d0 ./drivers/fsl_clock.o
 .debug_aranges
                0x000007b0       0x98 ./drivers/fsl_flexcomm.o
 .debug_aranges
                0x00000848      0x190 ./drivers/fsl_i2c.o
 .debug_aranges
                0x000009d8       0x40 ./drivers/fsl_inputmux.o
 .debug_aranges
                0x00000a18      0x108 ./drivers/fsl_pint.o
 .debug_aranges
                0x00000b20       0x30 ./drivers/fsl_reset.o
 .debug_aranges
                0x00000b50       0xe0 ./drivers/fsl_usart.o
 .debug_aranges
                0x00000c30       0x68 ./device/system_LPC54608.o
 .debug_aranges