fsl_clock.h:720:20:CLOCK_EnableClock	24	static
fsl_clock.h:734:20:CLOCK_DisableClock	24	static
fsl_clock.h:768:20:CLOCK_SetFLASHAccessCycles	24	static
fsl_clock.h:932:35:CLOCK_GetAsyncApbClkSrc	4	static
fsl_clock.h:1002:22:CLOCK_IsSystemPLLLocked	4	static
fsl_clock.h:1010:22:CLOCK_IsUsbPLLLocked	4	static
fsl_clock.h:1018:22:CLOCK_IsAudioPLLLocked	4	static
fsl_clock.h:1026:22:CLOCK_Enable_SysOsc	16	static
fsl_power.h:96:20:POWER_EnablePD	16	static
fsl_power.h:108:20:POWER_DisablePD	16	static
fsl_clock.c:147:6:CLOCK_AttachClk	32	static
fsl_clock.c:194:19:CLOCK_GetClockAttachId	48	static
fsl_clock.c:244:6:CLOCK_SetClkDiv	24	static
fsl_clock.c:271:10:CLOCK_SetupFROClocking	24	static
fsl_clock.c:310:10:CLOCK_GetClockOutClkFreq	16	static
fsl_clock.c:358:10:CLOCK_GetSpifiClkFreq	16	static
fsl_clock.c:393:10:CLOCK_GetAdcClkFreq	16	static
fsl_clock.c:425:10:CLOCK_GetUsb0ClkFreq	16	static
fsl_clock.c:455:10:CLOCK_GetUsb1ClkFreq	16	static
fsl_clock.c:485:10:CLOCK_GetMclkClkFreq	16	static
fsl_clock.c:512:10:CLOCK_GetSctClkFreq	16	static
fsl_clock.c:545:10:CLOCK_GetSdioClkFreq	16	static
fsl_clock.c:580:10:CLOCK_GetLcdClkFreq	16	static
fsl_clock.c:610:10:CLOCK_GetLcdClkIn	4	static
fsl_clock.c:619:10:CLOCK_GetFro12MFreq	4	static
fsl_clock.c:628:10:CLOCK_GetExtClkFreq	4	static
fsl_clock.c:637:10:CLOCK_GetWdtOscFreq	16	static
fsl_clock.c:657:10:CLOCK_GetFroHfFreq	4	static
fsl_clock.c:678:10:CLOCK_GetPllOutFreq	4	static
fsl_clock.c:687:10:CLOCK_GetAudioPllOutFreq	4	static
fsl_clock.c:696:10:CLOCK_GetUsbPllOutFreq	4	static
fsl_clock.c:705:10:CLOCK_GetOsc32KFreq	4	static
fsl_clock.c:714:10:CLOCK_GetCoreSysClkFreq	16	static
fsl_clock.c:760:10:CLOCK_GetI2SMClkFreq	4	static
fsl_clock.c:769:10:CLOCK_GetAsyncApbClkFreq	16	static
fsl_clock.c:797:10:CLOCK_GetMCanClkFreq	24	static
fsl_clock.c:820:10:CLOCK_GetFlexCommClkFreq	24	static
fsl_clock.c:853:10:CLOCK_GetFRGInputClock	16	static
fsl_clock.c:883:10:CLOCK_GetFrgClkFreq	24	static
fsl_clock.c:905:10:CLOCK_GetDmicClkFreq	16	static
fsl_clock.c:943:10:CLOCK_SetFRGClock	32	static
fsl_clock.c:967:10:CLOCK_GetFreq	24	static
fsl_clock.c:1085:6:CLOCK_SetFLASHAccessCyclesForFreq	16	static
fsl_clock.c:1126:17:pllEncodeN	24	static
fsl_clock.c:1158:17:pllDecodeN	32	static
fsl_clock.c:1196:17:pllEncodeP	24	static
fsl_clock.c:1228:17:pllDecodeP	32	static
fsl_clock.c:1266:17:pllEncodeM	24	static
fsl_clock.c:1298:17:pllDecodeM	32	static
fsl_clock.c:1336:13:pllFindSel	24	static
fsl_clock.c:1383:17:findPllPreDiv	24	static
fsl_clock.c:1403:17:findPllPostDiv	24	static
fsl_clock.c:1423:17:findPllMMult	24	static
fsl_clock.c:1439:15:Binary2Fractional	40	static
fsl_clock.c:1450:17:FindGreatestCommonDivisor	24	static
fsl_clock.c:1470:20:CLOCK_GetPllConfigInternal	80	static
fsl_clock.c:1592:20:CLOCK_GetPllConfig	32	static
fsl_clock.c:1641:13:CLOCK_GetSystemPLLOutFromSetupUpdate	16	static
fsl_clock.c:1647:13:CLOCK_GetAudioPLLOutFromSetupUpdate	16	static
fsl_clock.c:1653:13:CLOCK_GetAudioPLLOutFromAudioFracSetupUpdate	16	static
fsl_clock.c:1659:13:CLOCK_GetUsbPLLOutFromSetupUpdate	16	static
fsl_clock.c:1668:10:CLOCK_GetSystemPLLInClockRate	16	static
fsl_clock.c:1702:10:CLOCK_GetAudioPLLInClockRate	16	static
fsl_clock.c:1729:10:CLOCK_GetSystemPLLOutFromSetup	56	static
fsl_clock.c:1787:10:CLOCK_GetUsbPLLOutFromSetup	48	static
fsl_clock.c:1815:10:CLOCK_GetAudioPLLOutFromSetup	56	static
fsl_clock.c:1872:10:CLOCK_GetAudioPLLOutFromFractSetup	56	static
fsl_clock.c:1928:6:CLOCK_SetStoredPLLClockRate	16	static
fsl_clock.c:1938:6:CLOCK_SetStoredAudioPLLClockRate	16	static
fsl_clock.c:1948:6:CLOCK_SetStoredUsbPLLClockRate	16	static
fsl_clock.c:1961:10:CLOCK_GetSystemPLLOutClockRate	48	static
fsl_clock.c:1989:10:CLOCK_GetAudioPLLOutClockRate	48	static
fsl_clock.c:2016:10:CLOCK_GetUsbPLLOutClockRate	32	static
fsl_clock.c:2044:13:CLOCK_SetupPLLData	24	static
fsl_clock.c:2076:13:CLOCK_SetupSystemPLLPrec	32	static
fsl_clock.c:2159:13:CLOCK_SetupAudioPLLPrec	32	static
fsl_clock.c:2237:13:CLOCK_SetupAudioPLLPrecFract	16	static
fsl_clock.c:2286:13:CLOCK_SetupAudioPLLData	24	static
fsl_clock.c:2318:13:CLOCK_SetPLLFreq	32	static
fsl_clock.c:2392:13:CLOCK_SetAudioPLLFreq	32	static
fsl_clock.c:2469:13:CLOCK_SetUsbPLLFreq	40	static
fsl_clock.c:2574:6:CLOCK_SetupSystemPLLMult	48	static
fsl_clock.c:2669:6:CLOCK_EnableUsbfs0DeviceClock	40	static
fsl_clock.c:2725:6:CLOCK_EnableUsbfs0HostClock	40	static
fsl_clock.c:2783:6:CLOCK_EnableUsbhs0DeviceClock	40	static
fsl_clock.c:2846:6:CLOCK_EnableUsbhs0HostClock	40	static
fsl_clock.c:2911:28:SDK_DelayAtLeastUs	56	static
