startup_lpc54608.c:322:6:data_init	40	static
startup_lpc54608.c:331:6:bss_init	24	static
startup_lpc54608.c:356:6:ResetISR	32	static
startup_lpc54608.c:459:14:NMI_Handler	4	static
startup_lpc54608.c:463:14:HardFault_Handler	4	static
startup_lpc54608.c:467:14:MemManage_Handler	4	static
startup_lpc54608.c:471:14:BusFault_Handler	4	static
startup_lpc54608.c:475:14:UsageFault_Handler	4	static
startup_lpc54608.c:479:14:SVC_Handler	4	static
startup_lpc54608.c:483:14:DebugMon_Handler	4	static
startup_lpc54608.c:487:14:PendSV_Handler	4	static
startup_lpc54608.c:491:14:SysTick_Handler	4	static
startup_lpc54608.c:499:14:IntDefaultHandler	4	static
startup_lpc54608.c:509:11:WDT_BOD_IRQHandler	8	static
startup_lpc54608.c:513:11:DMA0_IRQHandler	8	static
startup_lpc54608.c:517:11:GINT0_IRQHandler	8	static
startup_lpc54608.c:521:11:GINT1_IRQHandler	8	static
startup_lpc54608.c:525:11:PIN_INT0_IRQHandler	8	static
startup_lpc54608.c:529:11:PIN_INT1_IRQHandler	8	static
startup_lpc54608.c:533:11:PIN_INT2_IRQHandler	8	static
startup_lpc54608.c:537:11:PIN_INT3_IRQHandler	8	static
startup_lpc54608.c:541:11:UTICK0_IRQHandler	8	static
startup_lpc54608.c:545:11:MRT0_IRQHandler	8	static
startup_lpc54608.c:549:11:CTIMER0_IRQHandler	8	static
startup_lpc54608.c:553:11:CTIMER1_IRQHandler	8	static
startup_lpc54608.c:557:11:SCT0_IRQHandler	8	static
startup_lpc54608.c:561:11:CTIMER3_IRQHandler	8	static
startup_lpc54608.c:565:11:FLEXCOMM0_IRQHandler	8	static
startup_lpc54608.c:569:11:FLEXCOMM1_IRQHandler	8	static
startup_lpc54608.c:573:11:FLEXCOMM2_IRQHandler	8	static
startup_lpc54608.c:577:11:FLEXCOMM3_IRQHandler	8	static
startup_lpc54608.c:581:11:FLEXCOMM4_IRQHandler	8	static
startup_lpc54608.c:585:11:FLEXCOMM5_IRQHandler	8	static
startup_lpc54608.c:589:11:FLEXCOMM6_IRQHandler	8	static
startup_lpc54608.c:593:11:FLEXCOMM7_IRQHandler	8	static
startup_lpc54608.c:597:11:ADC0_SEQA_IRQHandler	8	static
startup_lpc54608.c:601:11:ADC0_SEQB_IRQHandler	8	static
startup_lpc54608.c:605:11:ADC0_THCMP_IRQHandler	8	static
startup_lpc54608.c:609:11:DMIC0_IRQHandler	8	static
startup_lpc54608.c:613:11:HWVAD0_IRQHandler	8	static
startup_lpc54608.c:617:11:USB0_NEEDCLK_IRQHandler	8	static
startup_lpc54608.c:621:11:USB0_IRQHandler	8	static
startup_lpc54608.c:625:11:RTC_IRQHandler	8	static
startup_lpc54608.c:629:11:Reserved46_IRQHandler	8	static
startup_lpc54608.c:633:11:Reserved47_IRQHandler	8	static
startup_lpc54608.c:637:11:PIN_INT4_IRQHandler	8	static
startup_lpc54608.c:641:11:PIN_INT5_IRQHandler	8	static
startup_lpc54608.c:645:11:PIN_INT6_IRQHandler	8	static
startup_lpc54608.c:649:11:PIN_INT7_IRQHandler	8	static
startup_lpc54608.c:653:11:CTIMER2_IRQHandler	8	static
startup_lpc54608.c:657:11:CTIMER4_IRQHandler	8	static
startup_lpc54608.c:661:11:RIT_IRQHandler	8	static
startup_lpc54608.c:665:11:SPIFI0_IRQHandler	8	static
startup_lpc54608.c:669:11:FLEXCOMM8_IRQHandler	8	static
startup_lpc54608.c:673:11:FLEXCOMM9_IRQHandler	8	static
startup_lpc54608.c:677:11:SDIO_IRQHandler	8	static
startup_lpc54608.c:681:11:CAN0_IRQ0_IRQHandler	8	static
startup_lpc54608.c:685:11:CAN0_IRQ1_IRQHandler	8	static
startup_lpc54608.c:689:11:CAN1_IRQ0_IRQHandler	8	static
startup_lpc54608.c:693:11:CAN1_IRQ1_IRQHandler	8	static
startup_lpc54608.c:697:11:USB1_IRQHandler	8	static
startup_lpc54608.c:701:11:USB1_NEEDCLK_IRQHandler	8	static
startup_lpc54608.c:705:11:ETHERNET_IRQHandler	8	static
startup_lpc54608.c:709:11:ETHERNET_PMT_IRQHandler	8	static
startup_lpc54608.c:713:11:ETHERNET_MACLP_IRQHandler	8	static
startup_lpc54608.c:717:11:EEPROM_IRQHandler	8	static
startup_lpc54608.c:721:11:LCD_IRQHandler	8	static
startup_lpc54608.c:725:11:SHA_IRQHandler	8	static
startup_lpc54608.c:729:11:SMARTCARD0_IRQHandler	8	static
startup_lpc54608.c:733:11:SMARTCARD1_IRQHandler	8	static
